Archive member included to satisfy reference by file (symbol)

c:/ac6/systemworkbench/plugins/fr.ac6.mcu.externaltools.arm-none.win32_1.13.2.201703061525/tools/compiler/bin/../lib/gcc/arm-none-eabi/5.4.1/../../../../arm-none-eabi/lib/armv7e-m\libstdc++.a(new_op.o)
                              src/main.o (operator new(unsigned int))
c:/ac6/systemworkbench/plugins/fr.ac6.mcu.externaltools.arm-none.win32_1.13.2.201703061525/tools/compiler/bin/../lib/gcc/arm-none-eabi/5.4.1/../../../../arm-none-eabi/lib/armv7e-m\libstdc++.a(bad_alloc.o)
                              c:/ac6/systemworkbench/plugins/fr.ac6.mcu.externaltools.arm-none.win32_1.13.2.201703061525/tools/compiler/bin/../lib/gcc/arm-none-eabi/5.4.1/../../../../arm-none-eabi/lib/armv7e-m\libstdc++.a(new_op.o) (std::bad_alloc::~bad_alloc())
c:/ac6/systemworkbench/plugins/fr.ac6.mcu.externaltools.arm-none.win32_1.13.2.201703061525/tools/compiler/bin/../lib/gcc/arm-none-eabi/5.4.1/../../../../arm-none-eabi/lib/armv7e-m\libstdc++.a(eh_exception.o)
                              c:/ac6/systemworkbench/plugins/fr.ac6.mcu.externaltools.arm-none.win32_1.13.2.201703061525/tools/compiler/bin/../lib/gcc/arm-none-eabi/5.4.1/../../../../arm-none-eabi/lib/armv7e-m\libstdc++.a(bad_alloc.o) (std::exception::~exception())
c:/ac6/systemworkbench/plugins/fr.ac6.mcu.externaltools.arm-none.win32_1.13.2.201703061525/tools/compiler/bin/../lib/gcc/arm-none-eabi/5.4.1/../../../../arm-none-eabi/lib/armv7e-m\libstdc++.a(eh_alloc.o)
                              c:/ac6/systemworkbench/plugins/fr.ac6.mcu.externaltools.arm-none.win32_1.13.2.201703061525/tools/compiler/bin/../lib/gcc/arm-none-eabi/5.4.1/../../../../arm-none-eabi/lib/armv7e-m\libstdc++.a(new_op.o) (__cxa_allocate_exception)
c:/ac6/systemworkbench/plugins/fr.ac6.mcu.externaltools.arm-none.win32_1.13.2.201703061525/tools/compiler/bin/../lib/gcc/arm-none-eabi/5.4.1/../../../../arm-none-eabi/lib/armv7e-m\libstdc++.a(class_type_info.o)
                              c:/ac6/systemworkbench/plugins/fr.ac6.mcu.externaltools.arm-none.win32_1.13.2.201703061525/tools/compiler/bin/../lib/gcc/arm-none-eabi/5.4.1/../../../../arm-none-eabi/lib/armv7e-m\libstdc++.a(eh_exception.o) (vtable for __cxxabiv1::__class_type_info)
c:/ac6/systemworkbench/plugins/fr.ac6.mcu.externaltools.arm-none.win32_1.13.2.201703061525/tools/compiler/bin/../lib/gcc/arm-none-eabi/5.4.1/../../../../arm-none-eabi/lib/armv7e-m\libstdc++.a(pure.o)
                              c:/ac6/systemworkbench/plugins/fr.ac6.mcu.externaltools.arm-none.win32_1.13.2.201703061525/tools/compiler/bin/../lib/gcc/arm-none-eabi/5.4.1/../../../../arm-none-eabi/lib/armv7e-m\libstdc++.a(eh_exception.o) (__cxa_pure_virtual)
c:/ac6/systemworkbench/plugins/fr.ac6.mcu.externaltools.arm-none.win32_1.13.2.201703061525/tools/compiler/bin/../lib/gcc/arm-none-eabi/5.4.1/../../../../arm-none-eabi/lib/armv7e-m\libstdc++.a(new_handler.o)
                              c:/ac6/systemworkbench/plugins/fr.ac6.mcu.externaltools.arm-none.win32_1.13.2.201703061525/tools/compiler/bin/../lib/gcc/arm-none-eabi/5.4.1/../../../../arm-none-eabi/lib/armv7e-m\libstdc++.a(new_op.o) (std::get_new_handler())
c:/ac6/systemworkbench/plugins/fr.ac6.mcu.externaltools.arm-none.win32_1.13.2.201703061525/tools/compiler/bin/../lib/gcc/arm-none-eabi/5.4.1/../../../../arm-none-eabi/lib/armv7e-m\libstdc++.a(del_op.o)
                              c:/ac6/systemworkbench/plugins/fr.ac6.mcu.externaltools.arm-none.win32_1.13.2.201703061525/tools/compiler/bin/../lib/gcc/arm-none-eabi/5.4.1/../../../../arm-none-eabi/lib/armv7e-m\libstdc++.a(bad_alloc.o) (operator delete(void*))
c:/ac6/systemworkbench/plugins/fr.ac6.mcu.externaltools.arm-none.win32_1.13.2.201703061525/tools/compiler/bin/../lib/gcc/arm-none-eabi/5.4.1/../../../../arm-none-eabi/lib/armv7e-m\libstdc++.a(si_class_type_info.o)
                              c:/ac6/systemworkbench/plugins/fr.ac6.mcu.externaltools.arm-none.win32_1.13.2.201703061525/tools/compiler/bin/../lib/gcc/arm-none-eabi/5.4.1/../../../../arm-none-eabi/lib/armv7e-m\libstdc++.a(bad_alloc.o) (vtable for __cxxabiv1::__si_class_type_info)
c:/ac6/systemworkbench/plugins/fr.ac6.mcu.externaltools.arm-none.win32_1.13.2.201703061525/tools/compiler/bin/../lib/gcc/arm-none-eabi/5.4.1/../../../../arm-none-eabi/lib/armv7e-m\libstdc++.a(eh_throw.o)
                              c:/ac6/systemworkbench/plugins/fr.ac6.mcu.externaltools.arm-none.win32_1.13.2.201703061525/tools/compiler/bin/../lib/gcc/arm-none-eabi/5.4.1/../../../../arm-none-eabi/lib/armv7e-m\libstdc++.a(new_op.o) (__cxa_throw)
c:/ac6/systemworkbench/plugins/fr.ac6.mcu.externaltools.arm-none.win32_1.13.2.201703061525/tools/compiler/bin/../lib/gcc/arm-none-eabi/5.4.1/../../../../arm-none-eabi/lib/armv7e-m\libstdc++.a(eh_globals.o)
[...]
Memory Configuration

Name             Origin             Length             Attributes
FLASH            0x08000000         0x00040000         xr
RAM              0x20000000         0x0000a000         xrw
CCMRAM           0x10000000         0x00002000         rw
*default*        0x00000000         0xffffffff

Linker script and memory map

LOAD c:/ac6/systemworkbench/plugins/fr.ac6.mcu.externaltools.arm-none.win32_1.13.2.201703061525/tools/compiler/bin/../lib/gcc/arm-none-eabi/5.4.1/armv7e-m/crti.o
LOAD c:/ac6/systemworkbench/plugins/fr.ac6.mcu.externaltools.arm-none.win32_1.13.2.201703061525/tools/compiler/bin/../lib/gcc/arm-none-eabi/5.4.1/armv7e-m/crtbegin.o
LOAD c:/ac6/systemworkbench/plugins/fr.ac6.mcu.externaltools.arm-none.win32_1.13.2.201703061525/tools/compiler/bin/../lib/gcc/arm-none-eabi/5.4.1/../../../../arm-none-eabi/lib/armv7e-m/crt0.o
LOAD StdPeriph_Driver/src/stm32f30x_adc.o
LOAD StdPeriph_Driver/src/stm32f30x_can.o
LOAD StdPeriph_Driver/src/stm32f30x_comp.o
LOAD StdPeriph_Driver/src/stm32f30x_crc.o
LOAD StdPeriph_Driver/src/stm32f30x_dac.o
LOAD StdPeriph_Driver/src/stm32f30x_dbgmcu.o
LOAD StdPeriph_Driver/src/stm32f30x_dma.o
LOAD StdPeriph_Driver/src/stm32f30x_exti.o
LOAD StdPeriph_Driver/src/stm32f30x_flash.o
LOAD StdPeriph_Driver/src/stm32f30x_gpio.o
LOAD StdPeriph_Driver/src/stm32f30x_i2c.o
LOAD StdPeriph_Driver/src/stm32f30x_iwdg.o
LOAD StdPeriph_Driver/src/stm32f30x_misc.o
LOAD StdPeriph_Driver/src/stm32f30x_opamp.o
LOAD StdPeriph_Driver/src/stm32f30x_pwr.o
LOAD StdPeriph_Driver/src/stm32f30x_rcc.o
LOAD StdPeriph_Driver/src/stm32f30x_rtc.o
LOAD StdPeriph_Driver/src/stm32f30x_spi.o
LOAD StdPeriph_Driver/src/stm32f30x_syscfg.o
LOAD StdPeriph_Driver/src/stm32f30x_tim.o
LOAD StdPeriph_Driver/src/stm32f30x_usart.o
LOAD StdPeriph_Driver/src/stm32f30x_wwdg.o
LOAD Utilities/stm32f3_discovery.o
LOAD Utilities/stm32f3_discovery_l3gd20.o
LOAD Utilities/stm32f3_discovery_lsm303dlhc.o
LOAD src/Encoder.o
LOAD src/Hbridge.o
LOAD src/USART.o
LOAD src/main.o
LOAD src/syscalls.o
LOAD src/system_stm32f30x.o
LOAD startup/startup_stm32f30x.o
LOAD c:/ac6/systemworkbench/plugins/fr.ac6.mcu.externaltools.arm-none.win32_1.13.2.201703061525/tools/compiler/bin/../lib/gcc/arm-none-eabi/5.4.1/../../../../arm-none-eabi/lib/armv7e-m\libstdc++.a
LOAD c:/ac6/systemworkbench/plugins/fr.ac6.mcu.externaltools.arm-none.win32_1.13.2.201703061525/tools/compiler/bin/../lib/gcc/arm-none-eabi/5.4.1/../../../../arm-none-eabi/lib/armv7e-m\libm.a
START GROUP
LOAD c:/ac6/systemworkbench/plugins/fr.ac6.mcu.externaltools.arm-none.win32_1.13.2.201703061525/tools/compiler/bin/../lib/gcc/arm-none-eabi/5.4.1/armv7e-m\libgcc.a
LOAD c:/ac6/systemworkbench/plugins/fr.ac6.mcu.externaltools.arm-none.win32_1.13.2.201703061525/tools/compiler/bin/../lib/gcc/arm-none-eabi/5.4.1/../../../../arm-none-eabi/lib/armv7e-m\libc.a
END GROUP
LOAD c:/ac6/systemworkbench/plugins/fr.ac6.mcu.externaltools.arm-none.win32_1.13.2.201703061525/tools/compiler/bin/../lib/gcc/arm-none-eabi/5.4.1/armv7e-m/crtend.o
LOAD c:/ac6/systemworkbench/plugins/fr.ac6.mcu.externaltools.arm-none.win32_1.13.2.201703061525/tools/compiler/bin/../lib/gcc/arm-none-eabi/5.4.1/armv7e-m/crtn.o
                0x2000a000                _estack = 0x2000a000
                0x00000200                _Min_Heap_Size = 0x200
                0x00000400                _Min_Stack_Size = 0x400

.isr_vector     0x08000000      0x188
                0x08000000                . = ALIGN (0x4)
 *(.isr_vector)
 .isr_vector    0x08000000      0x188 startup/startup_stm32f30x.o
                0x08000000                g_pfnVectors
                0x08000188                . = ALIGN (0x4)

.text           0x080001c0    0x10b9c
                0x080001c0                . = ALIGN (0x4)
 *(.text)
 .text          0x080001c0       0x5c c:/ac6/systemworkbench/plugins/fr.ac6.mcu.externaltools.arm-none.win32_1.13.2.201703061525/tools/compiler/bin/../lib/gcc/arm-none-eabi/5.4.1/armv7e-m/crtbegin.o
 .text          0x0800021c     0x6100 c:/ac6/systemworkbench/plugins/fr.ac6.mcu.externaltools.arm-none.win32_1.13.2.201703061525/tools/compiler/bin/../lib/gcc/arm-none-eabi/5.4.1/../../../../arm-none-eabi/lib/armv7e-m\libstdc++.a(cp-demangle.o)
                0x0800623c                __cxa_demangle
                0x080062f8                __gcclibcxx_demangle_callback
 .text          0x0800631c      0x370 c:/ac6/systemworkbench/plugins/fr.ac6.mcu.externaltools.arm-none.win32_1.13.2.201703061525/tools/compiler/bin/../lib/gcc/arm-none-eabi/5.4.1/armv7e-m\libgcc.a(_arm_addsubdf3.o)
                0x0800631c                __aeabi_drsub
                0x08006324                __aeabi_dsub
                0x08006324                __subdf3
                0x08006328                __aeabi_dadd
                0x08006328                __adddf3
                0x080065a0                __floatunsidf
                0x080065a0                __aeabi_ui2d
                0x080065c0                __floatsidf
                0x080065c0                __aeabi_i2d
                0x080065e4                __aeabi_f2d
                0x080065e4                __extendsfdf2
                0x08006620                __floatundidf
                0x08006620                __aeabi_ul2d
                0x08006630                __floatdidf
                0x08006630                __aeabi_l2d
 .text          0x0800668c      0x424 c:/ac6/systemworkbench/plugins/fr.ac6.mcu.externaltools.arm-none.win32_1.13.2.201703061525/tools/compiler/bin/../lib/gcc/arm-none-eabi/5.4.1/armv7e-m\libgcc.a(_arm_muldivdf3.o)
                0x0800668c                __aeabi_dmul
                0x0800668c                __muldf3
                0x080068e0                __divdf3
                0x080068e0                __aeabi_ddiv
 .text          0x08006ab0      0x110 c:/ac6/systemworkbench/plugins/fr.ac6.mcu.externaltools.arm-none.win32_1.13.2.201703061525/tools/compiler/bin/../lib/gcc/arm-none-eabi/5.4.1/armv7e-m\libgcc.a(_arm_cmpdf2.o)
                0x08006ab0                __gtdf2
                0x08006ab0                __gedf2
                0x08006ab8                __ltdf2
                0x08006ab8                __ledf2
                0x08006ac0                __nedf2
                0x08006ac0                __eqdf2
                0x08006ac0                __cmpdf2
                0x08006b3c                __aeabi_cdrcmple
                0x08006b4c                __aeabi_cdcmpeq
                0x08006b4c                __aeabi_cdcmple
                0x08006b5c                __aeabi_dcmpeq
                0x08006b70                __aeabi_dcmplt
                0x08006b84                __aeabi_dcmple
                0x08006b98                __aeabi_dcmpge
                0x08006bac                __aeabi_dcmpgt
 .text          0x08006bc0       0x50 c:/ac6/systemworkbench/plugins/fr.ac6.mcu.externaltools.arm-none.win32_1.13.2.201703061525/tools/compiler/bin/../lib/gcc/arm-none-eabi/5.4.1/armv7e-m\libgcc.a(_arm_fixdfsi.o)
                0x08006bc0                __aeabi_d2iz
                0x08006bc0                __fixdfsi
 .text          0x08006c10      0x9dc c:/ac6/systemworkbench/plugins/fr.ac6.mcu.externaltools.arm-none.win32_1.13.2.201703061525/tools/compiler/bin/../lib/gcc/arm-none-eabi/5.4.1/armv7e-m\libgcc.a(unwind-arm.o)
                0x08006ecc                _Unwind_GetCFA
                0x08006ed0                __gnu_Unwind_RaiseException
                0x08006f30                __gnu_Unwind_ForcedUnwind
                0x08006f44                __gnu_Unwind_Resume
                0x08006f88                __gnu_Unwind_Resume_or_Rethrow
                0x08006f98                _Unwind_Complete
                0x08006f9c                _Unwind_DeleteException
                0x08006fa8                _Unwind_VRS_Get
                0x08006ff4                _Unwind_VRS_Set
                0x08007044                __gnu_Unwind_Backtrace
                0x08007390                __aeabi_unwind_cpp_pr0
                0x08007394                __aeabi_unwind_cpp_pr1
                0x08007398                __aeabi_unwind_cpp_pr2
                0x0800739c                _Unwind_VRS_Pop
 .text          0x080075ec      0x1ac c:/ac6/systemworkbench/plugins/fr.ac6.mcu.externaltools.arm-none.win32_1.13.2.201703061525/tools/compiler/bin/../lib/gcc/arm-none-eabi/5.4.1/armv7e-m\libgcc.a(libunwind.o)
                0x080075ec                __restore_core_regs
                0x080075ec                restore_core_regs
                0x08007604                __gnu_Unwind_Restore_VFP
                0x0800760c                __gnu_Unwind_Save_VFP
                0x08007614                __gnu_Unwind_Restore_VFP_D
                0x0800761c                __gnu_Unwind_Save_VFP_D
                0x08007624                __gnu_Unwind_Restore_VFP_D_16_to_31
                0x0800762c                __gnu_Unwind_Save_VFP_D_16_to_31
                0x08007634                __gnu_Unwind_Restore_WMMXD
                0x08007678                __gnu_Unwind_Save_WMMXD
                0x080076bc                __gnu_Unwind_Restore_WMMXC
                0x080076d0                __gnu_Unwind_Save_WMMXC
                0x080076e4                ___Unwind_RaiseException
                0x080076e4                _Unwind_RaiseException
                0x08007708                _Unwind_Resume
                0x08007708                ___Unwind_Resume
                0x0800772c                _Unwind_Resume_or_Rethrow
                0x0800772c                ___Unwind_Resume_or_Rethrow
                0x08007750                _Unwind_ForcedUnwind
                0x08007750                ___Unwind_ForcedUnwind
                0x08007774                ___Unwind_Backtrace
                0x08007774                _Unwind_Backtrace
 .text          0x08007798      0x354 c:/ac6/systemworkbench/plugins/fr.ac6.mcu.externaltools.arm-none.win32_1.13.2.201703061525/tools/compiler/bin/../lib/gcc/arm-none-eabi/5.4.1/armv7e-m\libgcc.a(pr-support.o)
                0x080077f0                __gnu_unwind_execute
                0x08007a94                __gnu_unwind_frame
                0x08007abc                _Unwind_GetRegionStart
                0x08007ac8                _Unwind_GetLanguageSpecificData
                0x08007adc                _Unwind_GetTextRelBase
                0x08007ae4                _Unwind_GetDataRelBase
 *fill*         0x08007aec        0x4 
 .text          0x08007af0       0xa0 c:/ac6/systemworkbench/plugins/fr.ac6.mcu.externaltools.arm-none.win32_1.13.2.201703061525/tools/compiler/bin/../lib/gcc/arm-none-eabi/5.4.1/../../../../arm-none-eabi/lib/armv7e-m\libc.a(lib_a-memchr.o)
                0x08007af0                memchr
 .text          0x08007b90      0x134 c:/ac6/systemworkbench/plugins/fr.ac6.mcu.externaltools.arm-none.win32_1.13.2.201703061525/tools/compiler/bin/../lib/gcc/arm-none-eabi/5.4.1/../../../../arm-none-eabi/lib/armv7e-m\libc.a(lib_a-memcpy.o)
                0x08007b90                memcpy
 *fill*         0x08007cc4       0x1c 
 .text          0x08007ce0      0x2dc c:/ac6/systemworkbench/plugins/fr.ac6.mcu.externaltools.arm-none.win32_1.13.2.201703061525/tools/compiler/bin/../lib/gcc/arm-none-eabi/5.4.1/../../../../arm-none-eabi/lib/armv7e-m\libc.a(lib_a-strcmp.o)
                0x08007ce8                strcmp
 *fill*         0x08007fbc        0x4 
 .text          0x08007fc0       0xdc c:/ac6/systemworkbench/plugins/fr.ac6.mcu.externaltools.arm-none.win32_1.13.2.201703061525/tools/compiler/bin/../lib/gcc/arm-none-eabi/5.4.1/../../../../arm-none-eabi/lib/armv7e-m\libc.a(lib_a-strlen.o)
                0x08007fc0                strlen
 .text          0x0800809c       0x2c c:/ac6/systemworkbench/plugins/fr.ac6.mcu.externaltools.arm-none.win32_1.13.2.201703061525/tools/compiler/bin/../lib/gcc/arm-none-eabi/5.4.1/armv7e-m\libgcc.a(_arm_unorddf2.o)
                0x0800809c                __unorddf2
                0x0800809c                __aeabi_dcmpun
 .text          0x080080c8       0x30 c:/ac6/systemworkbench/plugins/fr.ac6.mcu.externaltools.arm-none.win32_1.13.2.201703061525/tools/compiler/bin/../lib/gcc/arm-none-eabi/5.4.1/armv7e-m\libgcc.a(_aeabi_uldivmod.o)
                0x080080c8                __aeabi_uldivmod
 .text          0x080080f8      0x2e4 c:/ac6/systemworkbench/plugins/fr.ac6.mcu.externaltools.arm-none.win32_1.13.2.201703061525/tools/compiler/bin/../lib/gcc/arm-none-eabi/5.4.1/armv7e-m\libgcc.a(_udivmoddi4.o)
                0x080080f8                __udivmoddi4
 .text          0x080083dc        0x4 c:/ac6/systemworkbench/plugins/fr.ac6.mcu.externaltools.arm-none.win32_1.13.2.201703061525/tools/compiler/bin/../lib/gcc/arm-none-eabi/5.4.1/armv7e-m\libgcc.a(_dvmd_tls.o)
                0x080083dc                __aeabi_idiv0
                0x080083dc                __aeabi_ldiv0
 *(.text*)
 .text.GPIO_Init
                0x080083e0      0x128 StdPeriph_Driver/src/stm32f30x_gpio.o
                0x080083e0                GPIO_Init
 .text.GPIO_StructInit
                0x08008508       0x34 StdPeriph_Driver/src/stm32f30x_gpio.o
                0x08008508                GPIO_StructInit
 .text.GPIO_WriteBit
                0x0800853c       0x30 StdPeriph_Driver/src/stm32f30x_gpio.o
                0x0800853c                GPIO_WriteBit
 .text.GPIO_PinAFConfig
                0x0800856c       0x90 StdPeriph_Driver/src/stm32f30x_gpio.o
                0x0800856c                GPIO_PinAFConfig
 .text.NVIC_Init
                0x080085fc       0xc4 StdPeriph_Driver/src/stm32f30x_misc.o
                0x080085fc                NVIC_Init
 .text.RCC_HSICmd
                0x080086c0       0x20 StdPeriph_Driver/src/stm32f30x_rcc.o
                0x080086c0                RCC_HSICmd
 .text.RCC_PLLConfig
                0x080086e0       0x34 StdPeriph_Driver/src/stm32f30x_rcc.o
                0x080086e0                RCC_PLLConfig
 .text.RCC_PLLCmd
                0x08008714       0x20 StdPeriph_Driver/src/stm32f30x_rcc.o
                0x08008714                RCC_PLLCmd
 .text.RCC_SYSCLKConfig
                0x08008734       0x38 StdPeriph_Driver/src/stm32f30x_rcc.o
                0x08008734                RCC_SYSCLKConfig
 .text.RCC_AHBPeriphClockCmd
                0x0800876c       0x3c StdPeriph_Driver/src/stm32f30x_rcc.o
                0x0800876c                RCC_AHBPeriphClockCmd
 .text.RCC_APB2PeriphClockCmd
                0x080087a8       0x3c StdPeriph_Driver/src/stm32f30x_rcc.o
                0x080087a8                RCC_APB2PeriphClockCmd
 .text.RCC_APB1PeriphClockCmd
                0x080087e4       0x3c StdPeriph_Driver/src/stm32f30x_rcc.o
                0x080087e4                RCC_APB1PeriphClockCmd
 .text.RCC_GetFlagStatus
                0x08008820       0x80 StdPeriph_Driver/src/stm32f30x_rcc.o
                0x08008820                RCC_GetFlagStatus
 .text.TIM_TimeBaseInit
                0x080088a0       0xec StdPeriph_Driver/src/stm32f30x_tim.o
                0x080088a0                TIM_TimeBaseInit
 .text.TIM_TimeBaseStructInit
                0x0800898c       0x34 StdPeriph_Driver/src/stm32f30x_tim.o
                0x0800898c                TIM_TimeBaseStructInit
 .text.TIM_SetCounter
                0x080089c0       0x1c StdPeriph_Driver/src/stm32f30x_tim.o
                0x080089c0                TIM_SetCounter
 .text.TIM_GetCounter
                0x080089dc       0x18 StdPeriph_Driver/src/stm32f30x_tim.o
                0x080089dc                TIM_GetCounter
 .text.TIM_ARRPreloadConfig
                0x080089f4       0x40 StdPeriph_Driver/src/stm32f30x_tim.o
                0x080089f4                TIM_ARRPreloadConfig
 .text.TIM_Cmd  0x08008a34       0x40 StdPeriph_Driver/src/stm32f30x_tim.o
                0x08008a34                TIM_Cmd
 .text.TIM_OC1Init
                0x08008a74      0x124 StdPeriph_Driver/src/stm32f30x_tim.o
                0x08008a74                TIM_OC1Init
 .text.TIM_OC2Init
                0x08008b98      0x100 StdPeriph_Driver/src/stm32f30x_tim.o
                0x08008b98                TIM_OC2Init
 .text.TIM_OC1PreloadConfig
                0x08008c98       0x38 StdPeriph_Driver/src/stm32f30x_tim.o
                0x08008c98                TIM_OC1PreloadConfig
 .text.TIM_OC2PreloadConfig
                0x08008cd0       0x3c StdPeriph_Driver/src/stm32f30x_tim.o
                0x08008cd0                TIM_OC2PreloadConfig
 .text.TIM_ITConfig
                0x08008d0c       0x40 StdPeriph_Driver/src/stm32f30x_tim.o
                0x08008d0c                TIM_ITConfig
 .text.TIM_GetITStatus
                0x08008d4c       0x54 StdPeriph_Driver/src/stm32f30x_tim.o
                0x08008d4c                TIM_GetITStatus
 .text.TIM_ClearITPendingBit
                0x08008da0       0x24 StdPeriph_Driver/src/stm32f30x_tim.o
                0x08008da0                TIM_ClearITPendingBit
 .text.TIM_EncoderInterfaceConfig
                0x08008dc4       0x98 StdPeriph_Driver/src/stm32f30x_tim.o
                0x08008dc4                TIM_EncoderInterfaceConfig
 .text.USART_SendData
                0x08008e5c       0x24 StdPeriph_Driver/src/stm32f30x_usart.o
                0x08008e5c                USART_SendData
 .text.USART_ReceiveData
                0x08008e80       0x20 StdPeriph_Driver/src/stm32f30x_usart.o
                0x08008e80                USART_ReceiveData
 .text.USART_ITConfig
                0x08008ea0       0x84 StdPeriph_Driver/src/stm32f30x_usart.o
                0x08008ea0                USART_ITConfig
 .text.USART_GetFlagStatus
                0x08008f24       0x30 StdPeriph_Driver/src/stm32f30x_usart.o
                0x08008f24                USART_GetFlagStatus
 .text.USART_ClearITPendingBit
                0x08008f54       0x34 StdPeriph_Driver/src/stm32f30x_usart.o
                0x08008f54                USART_ClearITPendingBit
 .text._ZN7EncoderC2Edd
                0x08008f88       0x98 src/Encoder.o
                0x08008f88                Encoder::Encoder(double, double)
                0x08008f88                Encoder::Encoder(double, double)
 .text._ZN7Encoder8InitGPIOEv
                0x08009020       0x78 src/Encoder.o
                0x08009020                Encoder::InitGPIO()
 .text._ZN7Encoder9InitTimerEv
                0x08009098       0x9c src/Encoder.o
                0x08009098                Encoder::InitTimer()
 *fill*         0x08009134        0x4 
 .text._ZN7Encoder5TimerEv
                0x08009138      0x290 src/Encoder.o
                0x08009138                Encoder::Timer()
 .text._ZN8H_bridgeC2EhhP12GPIO_TypeDefhhhh
                0x080093c8       0x58 src/Hbridge.o
                0x080093c8                H_bridge::H_bridge(unsigned char, unsigned char, GPIO_TypeDef*, unsigned char, unsigned char, unsigned char, unsigned char)
                0x080093c8                H_bridge::H_bridge(unsigned char, unsigned char, GPIO_TypeDef*, unsigned char, unsigned char, unsigned char, unsigned char)
 .text._ZN8H_bridge8InitGPIOEv
                0x08009420      0x138 src/Hbridge.o
                0x08009420                H_bridge::InitGPIO()
 .text._ZN8H_bridge7InitPWMEv
                0x08009558       0x9c src/Hbridge.o
                0x08009558                H_bridge::InitPWM()
 .text._ZN8H_bridge4MoveEss
                0x080095f4      0x1a0 src/Hbridge.o
                0x080095f4                H_bridge::Move(short, short)
 .text._ZN5USART16InterruptHandlerEv
                0x08009794      0x11c src/USART.o
                0x08009794                USART::InterruptHandler()
 .text._ZN5USART10SendPacketEPch
                0x080098b0       0x5c src/USART.o
                0x080098b0                USART::SendPacket(char*, unsigned char)
 *fill*         0x0800990c        0x4 
 .text.main     0x08009910       0xe0 src/main.o
                0x08009910                main
 .text._Z9InitClockv
                0x080099f0       0x7c src/main.o
                0x080099f0                InitClock()
 .text._Z12InitTimer1msv
                0x08009a6c       0x68 src/main.o
                0x08009a6c                InitTimer1ms()
 .text.USART1_IRQHandler
                0x08009ad4       0x18 src/main.o
                0x08009ad4                USART1_IRQHandler
 .text.TIM1_UP_TIM16_IRQHandler
                0x08009aec       0x3c src/main.o
                0x08009aec                TIM1_UP_TIM16_IRQHandler
 .text._getpid  0x08009b28       0x10 src/syscalls.o
                0x08009b28                _getpid
 .text._kill    0x08009b38       0x20 src/syscalls.o
                0x08009b38                _kill
 .text._exit    0x08009b58       0x14 src/syscalls.o
                0x08009b58                _exit
 .text._read    0x08009b6c       0x3c src/syscalls.o
                0x08009b6c                _read
 .text._write   0x08009ba8       0x38 src/syscalls.o
                0x08009ba8                _write
 .text._sbrk    0x08009be0       0x58 src/syscalls.o
                0x08009be0                _sbrk
 .text._close   0x08009c38       0x18 src/syscalls.o
                0x08009c38                _close
 .text._fstat   0x08009c50       0x20 src/syscalls.o
                0x08009c50                _fstat
 .text._isatty  0x08009c70       0x14 src/syscalls.o
                0x08009c70                _isatty
 .text._lseek   0x08009c84       0x18 src/syscalls.o
                0x08009c84                _lseek
 .text.SystemInit
                0x08009c9c       0x84 src/system_stm32f30x.o
                0x08009c9c                SystemInit
 .text.SetSysClock
                0x08009d20       0xe0 src/system_stm32f30x.o
 .text.Reset_Handler
                0x08009e00       0x48 startup/startup_stm32f30x.o
                0x08009e00                Reset_Handler
 .text.Default_Handler
                0x08009e48        0x2 startup/startup_stm32f30x.o
                0x08009e48                RTC_Alarm_IRQHandler
                0x08009e48                TIM8_TRG_COM_IRQHandler
                0x08009e48                TIM8_CC_IRQHandler
                0x08009e48                DebugMon_Handler
                0x08009e48                TIM1_CC_IRQHandler
                0x08009e48                HardFault_Handler
                0x08009e48                USB_HP_IRQHandler
                0x08009e48                SysTick_Handler
                0x08009e48                PVD_IRQHandler
                0x08009e48                PendSV_Handler
                0x08009e48                NMI_Handler
                0x08009e48                EXTI3_IRQHandler
                0x08009e48                EXTI0_IRQHandler
                0x08009e48                I2C2_EV_IRQHandler
                0x08009e48                FPU_IRQHandler
                0x08009e48                EXTI2_TS_IRQHandler
                0x08009e48                UsageFault_Handler
                0x08009e48                ADC1_2_IRQHandler
                0x08009e48                SPI1_IRQHandler
                0x08009e48                TIM6_DAC_IRQHandler
                0x08009e48                TIM8_UP_IRQHandler
                0x08009e48                DMA2_Channel2_IRQHandler
                0x08009e48                DMA1_Channel4_IRQHandler
                0x08009e48                USART3_IRQHandler
                0x08009e48                DMA1_Channel7_IRQHandler
                0x08009e48                CAN1_RX1_IRQHandler
                0x08009e48                UART5_IRQHandler
                0x08009e48                ADC3_IRQHandler
                0x08009e48                TIM4_IRQHandler
                0x08009e48                DMA2_Channel1_IRQHandler
                0x08009e48                I2C1_EV_IRQHandler
                0x08009e48                DMA1_Channel6_IRQHandler
                0x08009e48                UART4_IRQHandler
                0x08009e48                DMA2_Channel4_IRQHandler
                0x08009e48                TIM3_IRQHandler
                0x08009e48                RCC_IRQHandler
                0x08009e48                DMA1_Channel1_IRQHandler
                0x08009e48                Default_Handler
                0x08009e48                USBWakeUp_RMP_IRQHandler
                0x08009e48                EXTI15_10_IRQHandler
                0x08009e48                TIM7_IRQHandler
                0x08009e48                EXTI9_5_IRQHandler
                0x08009e48                TAMPER_STAMP_IRQHandler
                0x08009e48                RTC_WKUP_IRQHandler
                0x08009e48                SPI2_IRQHandler
                0x08009e48                MemManage_Handler
                0x08009e48                SVC_Handler
                0x08009e48                DMA2_Channel5_IRQHandler
                0x08009e48                DMA1_Channel5_IRQHandler
                0x08009e48                USB_LP_IRQHandler
                0x08009e48                EXTI4_IRQHandler
                0x08009e48                USB_LP_CAN1_RX0_IRQHandler
                0x08009e48                TIM1_TRG_COM_TIM17_IRQHandler
                0x08009e48                USB_HP_CAN1_TX_IRQHandler
                0x08009e48                DMA1_Channel3_IRQHandler
                0x08009e48                ADC4_IRQHandler
                0x08009e48                WWDG_IRQHandler
                0x08009e48                TIM2_IRQHandler
                0x08009e48                COMP7_IRQHandler
                0x08009e48                COMP1_2_3_IRQHandler
                0x08009e48                EXTI1_IRQHandler
                0x08009e48                USART2_IRQHandler
                0x08009e48                COMP4_5_6_IRQHandler
                0x08009e48                I2C2_ER_IRQHandler
                0x08009e48                DMA1_Channel2_IRQHandler
                0x08009e48                TIM8_BRK_IRQHandler
                0x08009e48                CAN1_SCE_IRQHandler
                0x08009e48                FLASH_IRQHandler
                0x08009e48                BusFault_Handler
                0x08009e48                SPI3_IRQHandler
                0x08009e48                I2C1_ER_IRQHandler
                0x08009e48                USBWakeUp_IRQHandler
                0x08009e48                DMA2_Channel3_IRQHandler
                0x08009e48                TIM1_BRK_TIM15_IRQHandler
 *fill*         0x08009e4a        0x2 
 .text._Znwj    0x08009e4c       0x3c c:/ac6/systemworkbench/plugins/fr.ac6.mcu.externaltools.arm-none.win32_1.13.2.201703061525/tools/compiler/bin/../lib/gcc/arm-none-eabi/5.4.1/../../../../arm-none-eabi/lib/armv7e-m\libstdc++.a(new_op.o)
                0x08009e4c                operator new(unsigned int)
 .text._ZNKSt9bad_alloc4whatEv
                0x08009e88        0x8 c:/ac6/systemworkbench/plugins/fr.ac6.mcu.externaltools.arm-none.win32_1.13.2.201703061525/tools/compiler/bin/../lib/gcc/arm-none-eabi/5.4.1/../../../../arm-none-eabi/lib/armv7e-m\libstdc++.a(bad_alloc.o)
                0x08009e88                std::bad_alloc::what() const
 .text._ZNSt9bad_allocD2Ev
                0x08009e90       0x14 c:/ac6/systemworkbench/plugins/fr.ac6.mcu.externaltools.arm-none.win32_1.13.2.201703061525/tools/compiler/bin/../lib/gcc/arm-none-eabi/5.4.1/../../../../arm-none-eabi/lib/armv7e-m\libstdc++.a(bad_alloc.o)
                0x08009e90                std::bad_alloc::~bad_alloc()
                0x08009e90                std::bad_alloc::~bad_alloc()
 .text._ZNSt9bad_allocD0Ev
                0x08009ea4       0x1c c:/ac6/systemworkbench/plugins/fr.ac6.mcu.externaltools.arm-none.win32_1.13.2.201703061525/tools/compiler/bin/../lib/gcc/arm-none-eabi/5.4.1/../../../../arm-none-eabi/lib/armv7e-m\libstdc++.a(bad_alloc.o)
                0x08009ea4                std::bad_alloc::~bad_alloc()
 .text._ZNSt9exceptionD2Ev
                0x08009ec0        0x4 c:/ac6/systemworkbench/plugins/fr.ac6.mcu.externaltools.arm-none.win32_1.13.2.201703061525/tools/compiler/bin/../lib/gcc/arm-none-eabi/5.4.1/../../../../arm-none-eabi/lib/armv7e-m\libstdc++.a(eh_exception.o)
                0x08009ec0                std::exception::~exception()
                0x08009ec0                std::exception::~exception()
 .text._ZNSt13bad_exceptionD2Ev
                0x08009ec4        0x4 c:/ac6/systemworkbench/plugins/fr.ac6.mcu.externaltools.arm-none.win32_1.13.2.201703061525/tools/compiler/bin/../lib/gcc/arm-none-eabi/5.4.1/../../../../arm-none-eabi/lib/armv7e-m\libstdc++.a(eh_exception.o)
                0x08009ec4                std::bad_exception::~bad_exception()
                0x08009ec4                std::bad_exception::~bad_exception()
 .text._ZNKSt13bad_exception4whatEv
                0x08009ec8        0x8 c:/ac6/systemworkbench/plugins/fr.ac6.mcu.externaltools.arm-none.win32_1.13.2.201703061525/tools/compiler/bin/../lib/gcc/arm-none-eabi/5.4.1/../../../../arm-none-eabi/lib/armv7e-m\libstdc++.a(eh_exception.o)
                0x08009ec8                std::bad_exception::what() const
 .text._ZNSt13bad_exceptionD0Ev
                0x08009ed0        0xc c:/ac6/systemworkbench/plugins/fr.ac6.mcu.externaltools.arm-none.win32_1.13.2.201703061525/tools/compiler/bin/../lib/gcc/arm-none-eabi/5.4.1/../../../../arm-none-eabi/lib/armv7e-m\libstdc++.a(eh_exception.o)
                0x08009ed0                std::bad_exception::~bad_exception()
 .text._ZN12_GLOBAL__N_14pool4freeEPv.constprop.4
                0x08009edc       0x74 c:/ac6/systemworkbench/plugins/fr.ac6.mcu.externaltools.arm-none.win32_1.13.2.201703061525/tools/compiler/bin/../lib/gcc/arm-none-eabi/5.4.1/../../../../arm-none-eabi/lib/armv7e-m\libstdc++.a(eh_alloc.o)
 .text._ZN12_GLOBAL__N_14pool8allocateEj.constprop.5
                0x08009f50       0x64 c:/ac6/systemworkbench/plugins/fr.ac6.mcu.externaltools.arm-none.win32_1.13.2.201703061525/tools/compiler/bin/../lib/gcc/arm-none-eabi/5.4.1/../../../../arm-none-eabi/lib/armv7e-m\libstdc++.a(eh_alloc.o)
 .text.__cxa_allocate_exception
                0x08009fb4       0x30 c:/ac6/systemworkbench/plugins/fr.ac6.mcu.externaltools.arm-none.win32_1.13.2.201703061525/tools/compiler/bin/../lib/gcc/arm-none-eabi/5.4.1/../../../../arm-none-eabi/lib/armv7e-m\libstdc++.a(eh_alloc.o)
                0x08009fb4                __cxa_allocate_exception
 .text.__cxa_free_exception
                0x08009fe4       0x20 c:/ac6/systemworkbench/plugins/fr.ac6.mcu.externaltools.arm-none.win32_1.13.2.201703061525/tools/compiler/bin/../lib/gcc/arm-none-eabi/5.4.1/../../../../arm-none-eabi/lib/armv7e-m\libstdc++.a(eh_alloc.o)
                0x08009fe4                __cxa_free_exception
 .text.startup._GLOBAL__sub_I___cxa_allocate_exception
                0x0800a004       0x28 c:/ac6/systemworkbench/plugins/fr.ac6.mcu.externaltools.arm-none.win32_1.13.2.201703061525/tools/compiler/bin/../lib/gcc/arm-none-eabi/5.4.1/../../../../arm-none-eabi/lib/armv7e-m\libstdc++.a(eh_alloc.o)
 .text._ZNK10__cxxabiv117__class_type_info11__do_upcastEPKS0_PPv
                0x0800a02c       0x38 c:/ac6/systemworkbench/plugins/fr.ac6.mcu.externaltools.arm-none.win32_1.13.2.201703061525/tools/compiler/bin/../lib/gcc/arm-none-eabi/5.4.1/../../../../arm-none-eabi/lib/armv7e-m\libstdc++.a(class_type_info.o)
                0x0800a02c                __cxxabiv1::__class_type_info::__do_upcast(__cxxabiv1::__class_type_info const*, void**) const
 .text._ZNK10__cxxabiv117__class_type_info20__do_find_public_srcEiPKvPKS0_S2_
                0x0800a064        0xc c:/ac6/systemworkbench/plugins/fr.ac6.mcu.externaltools.arm-none.win32_1.13.2.201703061525/tools/compiler/bin/../lib/gcc/arm-none-eabi/5.4.1/../../../../arm-none-eabi/lib/armv7e-m\libstdc++.a(class_type_info.o)
                0x0800a064                __cxxabiv1::__class_type_info::__do_find_public_src(int, void const*, __cxxabiv1::__class_type_info const*, void const*) const
 .text._ZN10__cxxabiv117__class_type_infoD2Ev
                0x0800a070       0x14 c:/ac6/systemworkbench/plugins/fr.ac6.mcu.externaltools.arm-none.win32_1.13.2.201703061525/tools/compiler/bin/../lib/gcc/arm-none-eabi/5.4.1/../../../../arm-none-eabi/lib/armv7e-m\libstdc++.a(class_type_info.o)
                0x0800a070                __cxxabiv1::__class_type_info::~__class_type_info()
                0x0800a070                __cxxabiv1::__class_type_info::~__class_type_info()
 .text._ZN10__cxxabiv117__class_type_infoD0Ev
                0x0800a084       0x1c c:/ac6/systemworkbench/plugins/fr.ac6.mcu.externaltools.arm-none.win32_1.13.2.201703061525/tools/compiler/bin/../lib/gcc/arm-none-eabi/5.4.1/../../../../arm-none-eabi/lib/armv7e-m\libstdc++.a(class_type_info.o)
                0x0800a084                __cxxabiv1::__class_type_info::~__class_type_info()
 .text._ZNK10__cxxabiv117__class_type_info11__do_upcastEPKS0_PKvRNS0_15__upcast_resultE
                0x0800a0a0       0x18 c:/ac6/systemworkbench/plugins/fr.ac6.mcu.externaltools.arm-none.win32_1.13.2.201703061525/tools/compiler/bin/../lib/gcc/arm-none-eabi/5.4.1/../../../../arm-none-eabi/lib/armv7e-m\libstdc++.a(class_type_info.o)
                0x0800a0a0                __cxxabiv1::__class_type_info::__do_upcast(__cxxabiv1::__class_type_info const*, void const*, __cxxabiv1::__class_type_info::__upcast_result&) const
 .text._ZNK10__cxxabiv117__class_type_info12__do_dyncastEiNS0_10__sub_kindEPKS0_PKvS3_S5_RNS0_16__dyncast_resultE
                0x0800a0b8       0x40 c:/ac6/systemworkbench/plugins/fr.ac6.mcu.externaltools.arm-none.win32_1.13.2.201703061525/tools/compiler/bin/../lib/gcc/arm-none-eabi/5.4.1/../../../../arm-none-eabi/lib/armv7e-m\libstdc++.a(class_type_info.o)
                0x0800a0b8                __cxxabiv1::__class_type_info::__do_dyncast(int, __cxxabiv1::__class_type_info::__sub_kind, __cxxabiv1::__class_type_info const*, void const*, __cxxabiv1::__class_type_info const*, void const*, __cxxabiv1::__class_type_info::__dyncast_result&) const
 .text._ZNK10__cxxabiv117__class_type_info10__do_catchEPKSt9type_infoPPvj
                0x0800a0f8       0x2c c:/ac6/systemworkbench/plugins/fr.ac6.mcu.externaltools.arm-none.win32_1.13.2.201703061525/tools/compiler/bin/../lib/gcc/arm-none-eabi/5.4.1/../../../../arm-none-eabi/lib/armv7e-m\libstdc++.a(class_type_info.o)
                0x0800a0f8                __cxxabiv1::__class_type_info::__do_catch(std::type_info const*, void**, unsigned int) const
 .text._ZSt15get_new_handlerv
                0x0800a124       0x10 c:/ac6/systemworkbench/plugins/fr.ac6.mcu.externaltools.arm-none.win32_1.13.2.201703061525/tools/compiler/bin/../lib/gcc/arm-none-eabi/5.4.1/../../../../arm-none-eabi/lib/armv7e-m\libstdc++.a(new_handler.o)
                0x0800a124                std::get_new_handler()
 .text._ZdlPv   0x0800a134        0x4 c:/ac6/systemworkbench/plugins/fr.ac6.mcu.externaltools.arm-none.win32_1.13.2.201703061525/tools/compiler/bin/../lib/gcc/arm-none-eabi/5.4.1/../../../../arm-none-eabi/lib/armv7e-m\libstdc++.a(del_op.o)
                0x0800a134                operator delete(void*)
 .text._ZN10__cxxabiv120__si_class_type_infoD2Ev
                0x0800a138       0x14 c:/ac6/systemworkbench/plugins/fr.ac6.mcu.externaltools.arm-none.win32_1.13.2.201703061525/tools/compiler/bin/../lib/gcc/arm-none-eabi/5.4.1/../../../../arm-none-eabi/lib/armv7e-m\libstdc++.a(si_class_type_info.o)
                0x0800a138                __cxxabiv1::__si_class_type_info::~__si_class_type_info()
                0x0800a138                __cxxabiv1::__si_class_type_info::~__si_class_type_info()
 .text._ZN10__cxxabiv120__si_class_type_infoD0Ev
                0x0800a14c       0x1c c:/ac6/systemworkbench/plugins/fr.ac6.mcu.externaltools.arm-none.win32_1.13.2.201703061525/tools/compiler/bin/../lib/gcc/arm-none-eabi/5.4.1/../../../../arm-none-eabi/lib/armv7e-m\libstdc++.a(si_class_type_info.o)
                0x0800a14c                __cxxabiv1::__si_class_type_info::~__si_class_type_info()
 .text._ZNK10__cxxabiv120__si_class_type_info12__do_dyncastEiNS_17__class_type_info10__sub_kindEPKS1_PKvS4_S6_RNS1_16__dyncast_resultE
                0x0800a168       0x90 c:/ac6/systemworkbench/plugins/fr.ac6.mcu.externaltools.arm-none.win32_1.13.2.201703061525/tools/compiler/bin/../lib/gcc/arm-none-eabi/5.4.1/../../../../arm-none-eabi/lib/armv7e-m\libstdc++.a(si_class_type_info.o)
                0x0800a168                __cxxabiv1::__si_class_type_info::__do_dyncast(int, __cxxabiv1::__class_type_info::__sub_kind, __cxxabiv1::__class_type_info const*, void const*, __cxxabiv1::__class_type_info const*, void const*, __cxxabiv1::__class_type_info::__dyncast_result&) const
 .text._ZNK10__cxxabiv120__si_class_type_info20__do_find_public_srcEiPKvPKNS_17__class_type_infoES2_
                0x0800a1f8       0x3c c:/ac6/systemworkbench/plugins/fr.ac6.mcu.externaltools.arm-none.win32_1.13.2.201703061525/tools/compiler/bin/../lib/gcc/arm-none-eabi/5.4.1/../../../../arm-none-eabi/lib/armv7e-m\libstdc++.a(si_class_type_info.o)
                0x0800a1f8                __cxxabiv1::__si_class_type_info::__do_find_public_src(int, void const*, __cxxabiv1::__class_type_info const*, void const*) const
 .text._ZNK10__cxxabiv120__si_class_type_info11__do_upcastEPKNS_17__class_type_infoEPKvRNS1_15__upcast_resultE
                0x0800a234       0x2c c:/ac6/systemworkbench/plugins/fr.ac6.mcu.externaltools.arm-none.win32_1.13.2.201703061525/tools/compiler/bin/../lib/gcc/arm-none-eabi/5.4.1/../../../../arm-none-eabi/lib/armv7e-m\libstdc++.a(si_class_type_info.o)
                0x0800a234                __cxxabiv1::__si_class_type_info::__do_upcast(__cxxabiv1::__class_type_info const*, void const*, __cxxabiv1::__class_type_info::__upcast_result&) const
 .text._ZL23__gxx_exception_cleanup19_Unwind_Reason_CodeP21_Unwind_Control_Block
                0x0800a260       0x44 c:/ac6/systemworkbench/plugins/fr.ac6.mcu.externaltools.arm-none.win32_1.13.2.201703061525/tools/compiler/bin/../lib/gcc/arm-none-eabi/5.4.1/../../../../arm-none-eabi/lib/armv7e-m\libstdc++.a(eh_throw.o)
 .text.__cxa_throw
                0x0800a2a4       0x7c c:/ac6/systemworkbench/plugins/fr.ac6.mcu.externaltools.arm-none.win32_1.13.2.201703061525/tools/compiler/bin/../lib/gcc/arm-none-eabi/5.4.1/../../../../arm-none-eabi/lib/armv7e-m\libstdc++.a(eh_throw.o)
                0x0800a2a4                __cxa_throw
 .text.__cxa_rethrow
                0x0800a320       0x70 c:/ac6/systemworkbench/plugins/fr.ac6.mcu.externaltools.arm-none.win32_1.13.2.201703061525/tools/compiler/bin/../lib/gcc/arm-none-eabi/5.4.1/../../../../arm-none-eabi/lib/armv7e-m\libstdc++.a(eh_throw.o)
                0x0800a320                __cxa_rethrow
 .text.__cxa_get_globals_fast
                0x0800a390        0x8 c:/ac6/systemworkbench/plugins/fr.ac6.mcu.externaltools.arm-none.win32_1.13.2.201703061525/tools/compiler/bin/../lib/gcc/arm-none-eabi/5.4.1/../../../../arm-none-eabi/lib/armv7e-m\libstdc++.a(eh_globals.o)
                0x0800a390                __cxa_get_globals_fast
 .text.__cxa_get_globals
                0x0800a398        0x8 c:/ac6/systemworkbench/plugins/fr.ac6.mcu.externaltools.arm-none.win32_1.13.2.201703061525/tools/compiler/bin/../lib/gcc/arm-none-eabi/5.4.1/../../../../arm-none-eabi/lib/armv7e-m\libstdc++.a(eh_globals.o)
                0x0800a398                __cxa_get_globals
 .text._ZN10__cxxabiv111__terminateEPFvvE
                0x0800a3a0       0x28 c:/ac6/systemworkbench/plugins/fr.ac6.mcu.externaltools.arm-none.win32_1.13.2.201703061525/tools/compiler/bin/../lib/gcc/arm-none-eabi/5.4.1/../../../../arm-none-eabi/lib/armv7e-m\libstdc++.a(eh_terminate.o)
                0x0800a3a0                __cxxabiv1::__terminate(void (*)())
 .text._ZSt9terminatev
                0x0800a3c8       0x14 c:/ac6/systemworkbench/plugins/fr.ac6.mcu.externaltools.arm-none.win32_1.13.2.201703061525/tools/compiler/bin/../lib/gcc/arm-none-eabi/5.4.1/../../../../arm-none-eabi/lib/armv7e-m\libstdc++.a(eh_terminate.o)
                0x0800a3c8                std::terminate()
 .text._ZN10__cxxabiv112__unexpectedEPFvvE
                0x0800a3dc        0x8 c:/ac6/systemworkbench/plugins/fr.ac6.mcu.externaltools.arm-none.win32_1.13.2.201703061525/tools/compiler/bin/../lib/gcc/arm-none-eabi/5.4.1/../../../../arm-none-eabi/lib/armv7e-m\libstdc++.a(eh_terminate.o)
                0x0800a3dc                __cxxabiv1::__unexpected(void (*)())
 .text._ZSt10unexpectedv
                0x0800a3e4       0x14 c:/ac6/systemworkbench/plugins/fr.ac6.mcu.externaltools.arm-none.win32_1.13.2.201703061525/tools/compiler/bin/../lib/gcc/arm-none-eabi/5.4.1/../../../../arm-none-eabi/lib/armv7e-m\libstdc++.a(eh_terminate.o)
                0x0800a3e4                std::unexpected()
 .text._ZSt13get_terminatev
                0x0800a3f8       0x10 c:/ac6/systemworkbench/plugins/fr.ac6.mcu.externaltools.arm-none.win32_1.13.2.201703061525/tools/compiler/bin/../lib/gcc/arm-none-eabi/5.4.1/../../../../arm-none-eabi/lib/armv7e-m\libstdc++.a(eh_terminate.o)
                0x0800a3f8                std::get_terminate()
 .text._ZSt14get_unexpectedv
                0x0800a408       0x10 c:/ac6/systemworkbench/plugins/fr.ac6.mcu.externaltools.arm-none.win32_1.13.2.201703061525/tools/compiler/bin/../lib/gcc/arm-none-eabi/5.4.1/../../../../arm-none-eabi/lib/armv7e-m\libstdc++.a(eh_terminate.o)
                0x0800a408                std::get_unexpected()
 .text._ZNSt9type_infoD2Ev
                0x0800a418        0x4 c:/ac6/systemworkbench/plugins/fr.ac6.mcu.externaltools.arm-none.win32_1.13.2.201703061525/tools/compiler/bin/../lib/gcc/arm-none-eabi/5.4.1/../../../../arm-none-eabi/lib/armv7e-m\libstdc++.a(tinfo.o)
                0x0800a418                std::type_info::~type_info()
                0x0800a418                std::type_info::~type_info()
 .text._ZNKSt9type_info15__is_function_pEv
                0x0800a41c        0x4 c:/ac6/systemworkbench/plugins/fr.ac6.mcu.externaltools.arm-none.win32_1.13.2.201703061525/tools/compiler/bin/../lib/gcc/arm-none-eabi/5.4.1/../../../../arm-none-eabi/lib/armv7e-m\libstdc++.a(tinfo.o)
                0x0800a41c                std::type_info::__is_pointer_p() const
                0x0800a41c                std::type_info::__is_function_p() const
 .text._ZNKSt9type_infoeqERKS_
                0x0800a420       0x2c c:/ac6/systemworkbench/plugins/fr.ac6.mcu.externaltools.arm-none.win32_1.13.2.201703061525/tools/compiler/bin/../lib/gcc/arm-none-eabi/5.4.1/../../../../arm-none-eabi/lib/armv7e-m\libstdc++.a(tinfo.o)
                0x0800a420                std::type_info::operator==(std::type_info const&) const
 .text.__cxa_end_cleanup
                0x0800a44c        0xc c:/ac6/systemworkbench/plugins/fr.ac6.mcu.externaltools.arm-none.win32_1.13.2.201703061525/tools/compiler/bin/../lib/gcc/arm-none-eabi/5.4.1/../../../../arm-none-eabi/lib/armv7e-m\libstdc++.a(eh_arm.o)
                0x0800a44c                __cxa_end_cleanup
 .text.__cxa_type_match
                0x0800a458       0xb0 c:/ac6/systemworkbench/plugins/fr.ac6.mcu.externaltools.arm-none.win32_1.13.2.201703061525/tools/compiler/bin/../lib/gcc/arm-none-eabi/5.4.1/../../../../arm-none-eabi/lib/armv7e-m\libstdc++.a(eh_arm.o)
                0x0800a458                __cxa_type_match
 .text.__cxa_begin_cleanup
                0x0800a508       0x64 c:/ac6/systemworkbench/plugins/fr.ac6.mcu.externaltools.arm-none.win32_1.13.2.201703061525/tools/compiler/bin/../lib/gcc/arm-none-eabi/5.4.1/../../../../arm-none-eabi/lib/armv7e-m\libstdc++.a(eh_arm.o)
                0x0800a508                __cxa_begin_cleanup
 .text.__gnu_end_cleanup
                0x0800a56c       0x70 c:/ac6/systemworkbench/plugins/fr.ac6.mcu.externaltools.arm-none.win32_1.13.2.201703061525/tools/compiler/bin/../lib/gcc/arm-none-eabi/5.4.1/../../../../arm-none-eabi/lib/armv7e-m\libstdc++.a(eh_arm.o)
                0x0800a56c                __gnu_end_cleanup
 .text._ZN10__cxxabiv1L24__is_gxx_exception_classEPc
                0x0800a5dc       0x3c c:/ac6/systemworkbench/plugins/fr.ac6.mcu.externaltools.arm-none.win32_1.13.2.201703061525/tools/compiler/bin/../lib/gcc/arm-none-eabi/5.4.1/../../../../arm-none-eabi/lib/armv7e-m\libstdc++.a(eh_call.o)
 .text.__cxa_call_terminate
                0x0800a618       0x20 c:/ac6/systemworkbench/plugins/fr.ac6.mcu.externaltools.arm-none.win32_1.13.2.201703061525/tools/compiler/bin/../lib/gcc/arm-none-eabi/5.4.1/../../../../arm-none-eabi/lib/armv7e-m\libstdc++.a(eh_call.o)
                0x0800a618                __cxa_call_terminate
 .text.__cxa_call_unexpected
                0x0800a638       0xe8 c:/ac6/systemworkbench/plugins/fr.ac6.mcu.externaltools.arm-none.win32_1.13.2.201703061525/tools/compiler/bin/../lib/gcc/arm-none-eabi/5.4.1/../../../../arm-none-eabi/lib/armv7e-m\libstdc++.a(eh_call.o)
                0x0800a638                __cxa_call_unexpected
 .text.__cxa_begin_catch
                0x0800a720       0x8c c:/ac6/systemworkbench/plugins/fr.ac6.mcu.externaltools.arm-none.win32_1.13.2.201703061525/tools/compiler/bin/../lib/gcc/arm-none-eabi/5.4.1/../../../../arm-none-eabi/lib/armv7e-m\libstdc++.a(eh_catch.o)
                0x0800a720                __cxa_begin_catch
 .text.__cxa_end_catch
                0x0800a7ac       0x8c c:/ac6/systemworkbench/plugins/fr.ac6.mcu.externaltools.arm-none.win32_1.13.2.201703061525/tools/compiler/bin/../lib/gcc/arm-none-eabi/5.4.1/../../../../arm-none-eabi/lib/armv7e-m\libstdc++.a(eh_catch.o)
                0x0800a7ac                __cxa_end_catch
 .text._ZL28read_encoded_value_with_basehjPKhPj
                0x0800a838       0xc0 c:/ac6/systemworkbench/plugins/fr.ac6.mcu.externaltools.arm-none.win32_1.13.2.201703061525/tools/compiler/bin/../lib/gcc/arm-none-eabi/5.4.1/../../../../arm-none-eabi/lib/armv7e-m\libstdc++.a(eh_personality.o)
 .text._ZL21base_of_encoded_valuehP15_Unwind_Context
                0x0800a8f8       0x4c c:/ac6/systemworkbench/plugins/fr.ac6.mcu.externaltools.arm-none.win32_1.13.2.201703061525/tools/compiler/bin/../lib/gcc/arm-none-eabi/5.4.1/../../../../arm-none-eabi/lib/armv7e-m\libstdc++.a(eh_personality.o)
 .text._ZL17parse_lsda_headerP15_Unwind_ContextPKhP16lsda_header_info
                0x0800a944       0x98 c:/ac6/systemworkbench/plugins/fr.ac6.mcu.externaltools.arm-none.win32_1.13.2.201703061525/tools/compiler/bin/../lib/gcc/arm-none-eabi/5.4.1/../../../../arm-none-eabi/lib/armv7e-m\libstdc++.a(eh_personality.o)
 .text.__gxx_personality_v0
                0x0800a9dc      0x4b4 c:/ac6/systemworkbench/plugins/fr.ac6.mcu.externaltools.arm-none.win32_1.13.2.201703061525/tools/compiler/bin/../lib/gcc/arm-none-eabi/5.4.1/../../../../arm-none-eabi/lib/armv7e-m\libstdc++.a(eh_personality.o)
                0x0800a9dc                __gxx_personality_v0
 .text._ZN9__gnu_cxx27__verbose_terminate_handlerEv
                0x0800ae90      0x114 c:/ac6/systemworkbench/plugins/fr.ac6.mcu.externaltools.arm-none.win32_1.13.2.201703061525/tools/compiler/bin/../lib/gcc/arm-none-eabi/5.4.1/../../../../arm-none-eabi/lib/armv7e-m\libstdc++.a(vterminate.o)
                0x0800ae90                __gnu_cxx::__verbose_terminate_handler()
 .text.__cxa_current_exception_type
                0x0800afa4       0x1c c:/ac6/systemworkbench/plugins/fr.ac6.mcu.externaltools.arm-none.win32_1.13.2.201703061525/tools/compiler/bin/../lib/gcc/arm-none-eabi/5.4.1/../../../../arm-none-eabi/lib/armv7e-m\libstdc++.a(eh_type.o)
                0x0800afa4                __cxa_current_exception_type
 .text.cos      0x0800afc0       0x94 c:/ac6/systemworkbench/plugins/fr.ac6.mcu.externaltools.arm-none.win32_1.13.2.201703061525/tools/compiler/bin/../lib/gcc/arm-none-eabi/5.4.1/../../../../arm-none-eabi/lib/armv7e-m\libm.a(lib_a-s_cos.o)
                0x0800afc0                cos
 .text.sin      0x0800b054       0x88 c:/ac6/systemworkbench/plugins/fr.ac6.mcu.externaltools.arm-none.win32_1.13.2.201703061525/tools/compiler/bin/../lib/gcc/arm-none-eabi/5.4.1/../../../../arm-none-eabi/lib/armv7e-m\libm.a(lib_a-s_sin.o)
                0x0800b054                sin
 *fill*         0x0800b0dc        0x4 
 .text.__ieee754_rem_pio2
                0x0800b0e0      0x444 c:/ac6/systemworkbench/plugins/fr.ac6.mcu.externaltools.arm-none.win32_1.13.2.201703061525/tools/compiler/bin/../lib/gcc/arm-none-eabi/5.4.1/../../../../arm-none-eabi/lib/armv7e-m\libm.a(lib_a-e_rem_pio2.o)
                0x0800b0e0                __ieee754_rem_pio2
 *fill*         0x0800b524        0x4 
 .text.__kernel_cos
                0x0800b528      0x248 c:/ac6/systemworkbench/plugins/fr.ac6.mcu.externaltools.arm-none.win32_1.13.2.201703061525/tools/compiler/bin/../lib/gcc/arm-none-eabi/5.4.1/../../../../arm-none-eabi/lib/armv7e-m\libm.a(lib_a-k_cos.o)
                0x0800b528                __kernel_cos
 .text.__kernel_rem_pio2
                0x0800b770      0x7f0 c:/ac6/systemworkbench/plugins/fr.ac6.mcu.externaltools.arm-none.win32_1.13.2.201703061525/tools/compiler/bin/../lib/gcc/arm-none-eabi/5.4.1/../../../../arm-none-eabi/lib/armv7e-m\libm.a(lib_a-k_rem_pio2.o)
                0x0800b770                __kernel_rem_pio2
 .text.__kernel_sin
                0x0800bf60      0x16c c:/ac6/systemworkbench/plugins/fr.ac6.mcu.externaltools.arm-none.win32_1.13.2.201703061525/tools/compiler/bin/../lib/gcc/arm-none-eabi/5.4.1/../../../../arm-none-eabi/lib/armv7e-m\libm.a(lib_a-k_sin.o)
                0x0800bf60                __kernel_sin
 .text.fabs     0x0800c0cc        0x8 c:/ac6/systemworkbench/plugins/fr.ac6.mcu.externaltools.arm-none.win32_1.13.2.201703061525/tools/compiler/bin/../lib/gcc/arm-none-eabi/5.4.1/../../../../arm-none-eabi/lib/armv7e-m\libm.a(lib_a-s_fabs.o)
                0x0800c0cc                fabs
 *fill*         0x0800c0d4        0x4 
 .text.floor    0x0800c0d8      0x110 c:/ac6/systemworkbench/plugins/fr.ac6.mcu.externaltools.arm-none.win32_1.13.2.201703061525/tools/compiler/bin/../lib/gcc/arm-none-eabi/5.4.1/../../../../arm-none-eabi/lib/armv7e-m\libm.a(lib_a-s_floor.o)
                0x0800c0d8                floor
 .text.scalbn   0x0800c1e8       0xfc c:/ac6/systemworkbench/plugins/fr.ac6.mcu.externaltools.arm-none.win32_1.13.2.201703061525/tools/compiler/bin/../lib/gcc/arm-none-eabi/5.4.1/../../../../arm-none-eabi/lib/armv7e-m\libm.a(lib_a-s_scalbn.o)
                0x0800c1e8                scalbn
 .text.copysign
                0x0800c2e4       0x10 c:/ac6/systemworkbench/plugins/fr.ac6.mcu.externaltools.arm-none.win32_1.13.2.201703061525/tools/compiler/bin/../lib/gcc/arm-none-eabi/5.4.1/../../../../arm-none-eabi/lib/armv7e-m\libm.a(lib_a-s_copysign.o)
                0x0800c2e4                copysign
 .text.abort    0x0800c2f4       0x10 c:/ac6/systemworkbench/plugins/fr.ac6.mcu.externaltools.arm-none.win32_1.13.2.201703061525/tools/compiler/bin/../lib/gcc/arm-none-eabi/5.4.1/../../../../arm-none-eabi/lib/armv7e-m\libc.a(lib_a-abort.o)
                0x0800c2f4                abort
 .text.__errno  0x0800c304        0xc c:/ac6/systemworkbench/plugins/fr.ac6.mcu.externaltools.arm-none.win32_1.13.2.201703061525/tools/compiler/bin/../lib/gcc/arm-none-eabi/5.4.1/../../../../arm-none-eabi/lib/armv7e-m\libc.a(lib_a-errno.o)
                0x0800c304                __errno
 .text.fputc    0x0800c310       0x28 c:/ac6/systemworkbench/plugins/fr.ac6.mcu.externaltools.arm-none.win32_1.13.2.201703061525/tools/compiler/bin/../lib/gcc/arm-none-eabi/5.4.1/../../../../arm-none-eabi/lib/armv7e-m\libc.a(lib_a-fputc.o)
                0x0800c310                fputc
 .text._fputs_r
                0x0800c338       0x50 c:/ac6/systemworkbench/plugins/fr.ac6.mcu.externaltools.arm-none.win32_1.13.2.201703061525/tools/compiler/bin/../lib/gcc/arm-none-eabi/5.4.1/../../../../arm-none-eabi/lib/armv7e-m\libc.a(lib_a-fputs.o)
                0x0800c338                _fputs_r
 .text.fputs    0x0800c388       0x10 c:/ac6/systemworkbench/plugins/fr.ac6.mcu.externaltools.arm-none.win32_1.13.2.201703061525/tools/compiler/bin/../lib/gcc/arm-none-eabi/5.4.1/../../../../arm-none-eabi/lib/armv7e-m\libc.a(lib_a-fputs.o)
                0x0800c388                fputs
 .text.__sfvwrite_r
                0x0800c398      0x304 c:/ac6/systemworkbench/plugins/fr.ac6.mcu.externaltools.arm-none.win32_1.13.2.201703061525/tools/compiler/bin/../lib/gcc/arm-none-eabi/5.4.1/../../../../arm-none-eabi/lib/armv7e-m\libc.a(lib_a-fvwrite.o)
                0x0800c398                __sfvwrite_r
 .text._fwrite_r
                0x0800c69c       0x64 c:/ac6/systemworkbench/plugins/fr.ac6.mcu.externaltools.arm-none.win32_1.13.2.201703061525/tools/compiler/bin/../lib/gcc/arm-none-eabi/5.4.1/../../../../arm-none-eabi/lib/armv7e-m\libc.a(lib_a-fwrite.o)
                0x0800c69c                _fwrite_r
 .text.fwrite   0x0800c700       0x20 c:/ac6/systemworkbench/plugins/fr.ac6.mcu.externaltools.arm-none.win32_1.13.2.201703061525/tools/compiler/bin/../lib/gcc/arm-none-eabi/5.4.1/../../../../arm-none-eabi/lib/armv7e-m\libc.a(lib_a-fwrite.o)
                0x0800c700                fwrite
 .text.__libc_init_array
                0x0800c720       0x50 c:/ac6/systemworkbench/plugins/fr.ac6.mcu.externaltools.arm-none.win32_1.13.2.201703061525/tools/compiler/bin/../lib/gcc/arm-none-eabi/5.4.1/../../../../arm-none-eabi/lib/armv7e-m\libc.a(lib_a-init.o)
                0x0800c720                __libc_init_array
 .text.malloc   0x0800c770       0x10 c:/ac6/systemworkbench/plugins/fr.ac6.mcu.externaltools.arm-none.win32_1.13.2.201703061525/tools/compiler/bin/../lib/gcc/arm-none-eabi/5.4.1/../../../../arm-none-eabi/lib/armv7e-m\libc.a(lib_a-malloc.o)
                0x0800c770                malloc
 .text.free     0x0800c780       0x10 c:/ac6/systemworkbench/plugins/fr.ac6.mcu.externaltools.arm-none.win32_1.13.2.201703061525/tools/compiler/bin/../lib/gcc/arm-none-eabi/5.4.1/../../../../arm-none-eabi/lib/armv7e-m\libc.a(lib_a-malloc.o)
                0x0800c780                free
 .text._malloc_r
                0x0800c790      0x570 c:/ac6/systemworkbench/plugins/fr.ac6.mcu.externaltools.arm-none.win32_1.13.2.201703061525/tools/compiler/bin/../lib/gcc/arm-none-eabi/5.4.1/../../../../arm-none-eabi/lib/armv7e-m\libc.a(lib_a-mallocr.o)
                0x0800c790                _malloc_r
 .text.memcmp   0x0800cd00       0x64 c:/ac6/systemworkbench/plugins/fr.ac6.mcu.externaltools.arm-none.win32_1.13.2.201703061525/tools/compiler/bin/../lib/gcc/arm-none-eabi/5.4.1/../../../../arm-none-eabi/lib/armv7e-m\libc.a(lib_a-memcmp.o)
                0x0800cd00                memcmp
 .text.memmove  0x0800cd64       0xc8 c:/ac6/systemworkbench/plugins/fr.ac6.mcu.externaltools.arm-none.win32_1.13.2.201703061525/tools/compiler/bin/../lib/gcc/arm-none-eabi/5.4.1/../../../../arm-none-eabi/lib/armv7e-m\libc.a(lib_a-memmove.o)
                0x0800cd64                memmove
 .text.memset   0x0800ce2c       0x9c c:/ac6/systemworkbench/plugins/fr.ac6.mcu.externaltools.arm-none.win32_1.13.2.201703061525/tools/compiler/bin/../lib/gcc/arm-none-eabi/5.4.1/../../../../arm-none-eabi/lib/armv7e-m\libc.a(lib_a-memset.o)
                0x0800ce2c                memset
 .text.__malloc_lock
                0x0800cec8        0x4 c:/ac6/systemworkbench/plugins/fr.ac6.mcu.externaltools.arm-none.win32_1.13.2.201703061525/tools/compiler/bin/../lib/gcc/arm-none-eabi/5.4.1/../../../../arm-none-eabi/lib/armv7e-m\libc.a(lib_a-mlock.o)
                0x0800cec8                __malloc_lock
 .text.__malloc_unlock
                0x0800cecc        0x4 c:/ac6/systemworkbench/plugins/fr.ac6.mcu.externaltools.arm-none.win32_1.13.2.201703061525/tools/compiler/bin/../lib/gcc/arm-none-eabi/5.4.1/../../../../arm-none-eabi/lib/armv7e-m\libc.a(lib_a-mlock.o)
                0x0800cecc                __malloc_unlock
 .text._putc_r  0x0800ced0       0x44 c:/ac6/systemworkbench/plugins/fr.ac6.mcu.externaltools.arm-none.win32_1.13.2.201703061525/tools/compiler/bin/../lib/gcc/arm-none-eabi/5.4.1/../../../../arm-none-eabi/lib/armv7e-m\libc.a(lib_a-putc.o)
                0x0800ced0                _putc_r
 .text.realloc  0x0800cf14       0x10 c:/ac6/systemworkbench/plugins/fr.ac6.mcu.externaltools.arm-none.win32_1.13.2.201703061525/tools/compiler/bin/../lib/gcc/arm-none-eabi/5.4.1/../../../../arm-none-eabi/lib/armv7e-m\libc.a(lib_a-realloc.o)
                0x0800cf14                realloc
 .text._realloc_r
                0x0800cf24      0x3e0 c:/ac6/systemworkbench/plugins/fr.ac6.mcu.externaltools.arm-none.win32_1.13.2.201703061525/tools/compiler/bin/../lib/gcc/arm-none-eabi/5.4.1/../../../../arm-none-eabi/lib/armv7e-m\libc.a(lib_a-reallocr.o)
                0x0800cf24                _realloc_r
 .text._sbrk_r  0x0800d304       0x24 c:/ac6/systemworkbench/plugins/fr.ac6.mcu.externaltools.arm-none.win32_1.13.2.201703061525/tools/compiler/bin/../lib/gcc/arm-none-eabi/5.4.1/../../../../arm-none-eabi/lib/armv7e-m\libc.a(lib_a-sbrkr.o)
                0x0800d304                _sbrk_r
 .text._raise_r
                0x0800d328       0x58 c:/ac6/systemworkbench/plugins/fr.ac6.mcu.externaltools.arm-none.win32_1.13.2.201703061525/tools/compiler/bin/../lib/gcc/arm-none-eabi/5.4.1/../../../../arm-none-eabi/lib/armv7e-m\libc.a(lib_a-signal.o)
                0x0800d328                _raise_r
 .text.raise    0x0800d380       0x10 c:/ac6/systemworkbench/plugins/fr.ac6.mcu.externaltools.arm-none.win32_1.13.2.201703061525/tools/compiler/bin/../lib/gcc/arm-none-eabi/5.4.1/../../../../arm-none-eabi/lib/armv7e-m\libc.a(lib_a-signal.o)
                0x0800d380                raise
 .text._kill_r  0x0800d390       0x28 c:/ac6/systemworkbench/plugins/fr.ac6.mcu.externaltools.arm-none.win32_1.13.2.201703061525/tools/compiler/bin/../lib/gcc/arm-none-eabi/5.4.1/../../../../arm-none-eabi/lib/armv7e-m\libc.a(lib_a-signalr.o)
                0x0800d390                _kill_r
 .text._getpid_r
                0x0800d3b8        0x4 c:/ac6/systemworkbench/plugins/fr.ac6.mcu.externaltools.arm-none.win32_1.13.2.201703061525/tools/compiler/bin/../lib/gcc/arm-none-eabi/5.4.1/../../../../arm-none-eabi/lib/armv7e-m\libc.a(lib_a-signalr.o)
                0x0800d3b8                _getpid_r
 .text.sprintf  0x0800d3bc       0x4c c:/ac6/systemworkbench/plugins/fr.ac6.mcu.externaltools.arm-none.win32_1.13.2.201703061525/tools/compiler/bin/../lib/gcc/arm-none-eabi/5.4.1/../../../../arm-none-eabi/lib/armv7e-m\libc.a(lib_a-sprintf.o)
                0x0800d3bc                sprintf
 .text.strncmp  0x0800d408       0xa0 c:/ac6/systemworkbench/plugins/fr.ac6.mcu.externaltools.arm-none.win32_1.13.2.201703061525/tools/compiler/bin/../lib/gcc/arm-none-eabi/5.4.1/../../../../arm-none-eabi/lib/armv7e-m\libc.a(lib_a-strncmp.o)
                0x0800d408                strncmp
 .text._svfprintf_r
                0x0800d4a8     0x16b0 c:/ac6/systemworkbench/plugins/fr.ac6.mcu.externaltools.arm-none.win32_1.13.2.201703061525/tools/compiler/bin/../lib/gcc/arm-none-eabi/5.4.1/../../../../arm-none-eabi/lib/armv7e-m\libc.a(lib_a-svfprintf.o)
                0x0800d4a8                _svfprintf_r
 .text.__swbuf_r
                0x0800eb58       0xac c:/ac6/systemworkbench/plugins/fr.ac6.mcu.externaltools.arm-none.win32_1.13.2.201703061525/tools/compiler/bin/../lib/gcc/arm-none-eabi/5.4.1/../../../../arm-none-eabi/lib/armv7e-m\libc.a(lib_a-wbuf.o)
                0x0800eb58                __swbuf_r
 .text._write_r
                0x0800ec04       0x2c c:/ac6/systemworkbench/plugins/fr.ac6.mcu.externaltools.arm-none.win32_1.13.2.201703061525/tools/compiler/bin/../lib/gcc/arm-none-eabi/5.4.1/../../../../arm-none-eabi/lib/armv7e-m\libc.a(lib_a-writer.o)
                0x0800ec04                _write_r
 .text.__swsetup_r
                0x0800ec30       0xc8 c:/ac6/systemworkbench/plugins/fr.ac6.mcu.externaltools.arm-none.win32_1.13.2.201703061525/tools/compiler/bin/../lib/gcc/arm-none-eabi/5.4.1/../../../../arm-none-eabi/lib/armv7e-m\libc.a(lib_a-wsetup.o)
                0x0800ec30                __swsetup_r
 .text.startup.register_fini
                0x0800ecf8       0x14 c:/ac6/systemworkbench/plugins/fr.ac6.mcu.externaltools.arm-none.win32_1.13.2.201703061525/tools/compiler/bin/../lib/gcc/arm-none-eabi/5.4.1/../../../../arm-none-eabi/lib/armv7e-m\libc.a(lib_a-__call_atexit.o)
 .text.atexit   0x0800ed0c        0xc c:/ac6/systemworkbench/plugins/fr.ac6.mcu.externaltools.arm-none.win32_1.13.2.201703061525/tools/compiler/bin/../lib/gcc/arm-none-eabi/5.4.1/../../../../arm-none-eabi/lib/armv7e-m\libc.a(lib_a-atexit.o)
                0x0800ed0c                atexit
 .text.quorem   0x0800ed18      0x128 c:/ac6/systemworkbench/plugins/fr.ac6.mcu.externaltools.arm-none.win32_1.13.2.201703061525/tools/compiler/bin/../lib/gcc/arm-none-eabi/5.4.1/../../../../arm-none-eabi/lib/armv7e-m\libc.a(lib_a-dtoa.o)
 .text._dtoa_r  0x0800ee40      0xe58 c:/ac6/systemworkbench/plugins/fr.ac6.mcu.externaltools.arm-none.win32_1.13.2.201703061525/tools/compiler/bin/../lib/gcc/arm-none-eabi/5.4.1/../../../../arm-none-eabi/lib/armv7e-m\libc.a(lib_a-dtoa.o)
                0x0800ee40                _dtoa_r
 .text.__sflush_r
                0x0800fc98      0x148 c:/ac6/systemworkbench/plugins/fr.ac6.mcu.externaltools.arm-none.win32_1.13.2.201703061525/tools/compiler/bin/../lib/gcc/arm-none-eabi/5.4.1/../../../../arm-none-eabi/lib/armv7e-m\libc.a(lib_a-fflush.o)
                0x0800fc98                __sflush_r
 .text._fflush_r
                0x0800fde0       0x2c c:/ac6/systemworkbench/plugins/fr.ac6.mcu.externaltools.arm-none.win32_1.13.2.201703061525/tools/compiler/bin/../lib/gcc/arm-none-eabi/5.4.1/../../../../arm-none-eabi/lib/armv7e-m\libc.a(lib_a-fflush.o)
                0x0800fde0                _fflush_r
 .text._cleanup_r
                0x0800fe0c        0xc c:/ac6/systemworkbench/plugins/fr.ac6.mcu.externaltools.arm-none.win32_1.13.2.201703061525/tools/compiler/bin/../lib/gcc/arm-none-eabi/5.4.1/../../../../arm-none-eabi/lib/armv7e-m\libc.a(lib_a-findfp.o)
                0x0800fe0c                _cleanup_r
 .text.__sinit.part.1
                0x0800fe18       0xf0 c:/ac6/systemworkbench/plugins/fr.ac6.mcu.externaltools.arm-none.win32_1.13.2.201703061525/tools/compiler/bin/../lib/gcc/arm-none-eabi/5.4.1/../../../../arm-none-eabi/lib/armv7e-m\libc.a(lib_a-findfp.o)
 .text.__sinit  0x0800ff08        0xc c:/ac6/systemworkbench/plugins/fr.ac6.mcu.externaltools.arm-none.win32_1.13.2.201703061525/tools/compiler/bin/../lib/gcc/arm-none-eabi/5.4.1/../../../../arm-none-eabi/lib/armv7e-m\libc.a(lib_a-findfp.o)
                0x0800ff08                __sinit
 .text.__sfp_lock_acquire
                0x0800ff14        0x4 c:/ac6/systemworkbench/plugins/fr.ac6.mcu.externaltools.arm-none.win32_1.13.2.201703061525/tools/compiler/bin/../lib/gcc/arm-none-eabi/5.4.1/../../../../arm-none-eabi/lib/armv7e-m\libc.a(lib_a-findfp.o)
                0x0800ff14                __sfp_lock_acquire
 .text.__sfp_lock_release
                0x0800ff18        0x4 c:/ac6/systemworkbench/plugins/fr.ac6.mcu.externaltools.arm-none.win32_1.13.2.201703061525/tools/compiler/bin/../lib/gcc/arm-none-eabi/5.4.1/../../../../arm-none-eabi/lib/armv7e-m\libc.a(lib_a-findfp.o)
                0x0800ff18                __sfp_lock_release
 .text.__libc_fini_array
                0x0800ff1c       0x28 c:/ac6/systemworkbench/plugins/fr.ac6.mcu.externaltools.arm-none.win32_1.13.2.201703061525/tools/compiler/bin/../lib/gcc/arm-none-eabi/5.4.1/../../../../arm-none-eabi/lib/armv7e-m\libc.a(lib_a-fini.o)
                0x0800ff1c                __libc_fini_array
 .text._malloc_trim_r
                0x0800ff44       0x9c c:/ac6/systemworkbench/plugins/fr.ac6.mcu.externaltools.arm-none.win32_1.13.2.201703061525/tools/compiler/bin/../lib/gcc/arm-none-eabi/5.4.1/../../../../arm-none-eabi/lib/armv7e-m\libc.a(lib_a-freer.o)
                0x0800ff44                _malloc_trim_r
 .text._free_r  0x0800ffe0      0x1d0 c:/ac6/systemworkbench/plugins/fr.ac6.mcu.externaltools.arm-none.win32_1.13.2.201703061525/tools/compiler/bin/../lib/gcc/arm-none-eabi/5.4.1/../../../../arm-none-eabi/lib/armv7e-m\libc.a(lib_a-freer.o)
                0x0800ffe0                _free_r
 .text._fwalk_reent
                0x080101b0       0x54 c:/ac6/systemworkbench/plugins/fr.ac6.mcu.externaltools.arm-none.win32_1.13.2.201703061525/tools/compiler/bin/../lib/gcc/arm-none-eabi/5.4.1/../../../../arm-none-eabi/lib/armv7e-m\libc.a(lib_a-fwalk.o)
                0x080101b0                _fwalk_reent
 .text._localeconv_r
                0x08010204       0x1c c:/ac6/systemworkbench/plugins/fr.ac6.mcu.externaltools.arm-none.win32_1.13.2.201703061525/tools/compiler/bin/../lib/gcc/arm-none-eabi/5.4.1/../../../../arm-none-eabi/lib/armv7e-m\libc.a(lib_a-localeconv.o)
                0x08010204                _localeconv_r
 .text.__swhatbuf_r
                0x08010220       0x60 c:/ac6/systemworkbench/plugins/fr.ac6.mcu.externaltools.arm-none.win32_1.13.2.201703061525/tools/compiler/bin/../lib/gcc/arm-none-eabi/5.4.1/../../../../arm-none-eabi/lib/armv7e-m\libc.a(lib_a-makebuf.o)
                0x08010220                __swhatbuf_r
 .text.__smakebuf_r
                0x08010280       0x88 c:/ac6/systemworkbench/plugins/fr.ac6.mcu.externaltools.arm-none.win32_1.13.2.201703061525/tools/compiler/bin/../lib/gcc/arm-none-eabi/5.4.1/../../../../arm-none-eabi/lib/armv7e-m\libc.a(lib_a-makebuf.o)
                0x08010280                __smakebuf_r
 .text._Balloc  0x08010308       0x4c c:/ac6/systemworkbench/plugins/fr.ac6.mcu.externaltools.arm-none.win32_1.13.2.201703061525/tools/compiler/bin/../lib/gcc/arm-none-eabi/5.4.1/../../../../arm-none-eabi/lib/armv7e-m\libc.a(lib_a-mprec.o)
                0x08010308                _Balloc
 .text._Bfree   0x08010354       0x14 c:/ac6/systemworkbench/plugins/fr.ac6.mcu.externaltools.arm-none.win32_1.13.2.201703061525/tools/compiler/bin/../lib/gcc/arm-none-eabi/5.4.1/../../../../arm-none-eabi/lib/armv7e-m\libc.a(lib_a-mprec.o)
                0x08010354                _Bfree
 .text.__multadd
                0x08010368       0x80 c:/ac6/systemworkbench/plugins/fr.ac6.mcu.externaltools.arm-none.win32_1.13.2.201703061525/tools/compiler/bin/../lib/gcc/arm-none-eabi/5.4.1/../../../../arm-none-eabi/lib/armv7e-m\libc.a(lib_a-mprec.o)
                0x08010368                __multadd
 .text.__hi0bits
                0x080103e8       0x40 c:/ac6/systemworkbench/plugins/fr.ac6.mcu.externaltools.arm-none.win32_1.13.2.201703061525/tools/compiler/bin/../lib/gcc/arm-none-eabi/5.4.1/../../../../arm-none-eabi/lib/armv7e-m\libc.a(lib_a-mprec.o)
                0x080103e8                __hi0bits
 .text.__lo0bits
                0x08010428       0x5c c:/ac6/systemworkbench/plugins/fr.ac6.mcu.externaltools.arm-none.win32_1.13.2.201703061525/tools/compiler/bin/../lib/gcc/arm-none-eabi/5.4.1/../../../../arm-none-eabi/lib/armv7e-m\libc.a(lib_a-mprec.o)
                0x08010428                __lo0bits
 .text.__i2b    0x08010484       0x14 c:/ac6/systemworkbench/plugins/fr.ac6.mcu.externaltools.arm-none.win32_1.13.2.201703061525/tools/compiler/bin/../lib/gcc/arm-none-eabi/5.4.1/../../../../arm-none-eabi/lib/armv7e-m\libc.a(lib_a-mprec.o)
                0x08010484                __i2b
 .text.__multiply
                0x08010498      0x130 c:/ac6/systemworkbench/plugins/fr.ac6.mcu.externaltools.arm-none.win32_1.13.2.201703061525/tools/compiler/bin/../lib/gcc/arm-none-eabi/5.4.1/../../../../arm-none-eabi/lib/armv7e-m\libc.a(lib_a-mprec.o)
                0x08010498                __multiply
 .text.__pow5mult
                0x080105c8       0xa0 c:/ac6/systemworkbench/plugins/fr.ac6.mcu.externaltools.arm-none.win32_1.13.2.201703061525/tools/compiler/bin/../lib/gcc/arm-none-eabi/5.4.1/../../../../arm-none-eabi/lib/armv7e-m\libc.a(lib_a-mprec.o)
                0x080105c8                __pow5mult
 .text.__lshift
                0x08010668       0xb0 c:/ac6/systemworkbench/plugins/fr.ac6.mcu.externaltools.arm-none.win32_1.13.2.201703061525/tools/compiler/bin/../lib/gcc/arm-none-eabi/5.4.1/../../../../arm-none-eabi/lib/armv7e-m\libc.a(lib_a-mprec.o)
                0x08010668                __lshift
 .text.__mcmp   0x08010718       0x40 c:/ac6/systemworkbench/plugins/fr.ac6.mcu.externaltools.arm-none.win32_1.13.2.201703061525/tools/compiler/bin/../lib/gcc/arm-none-eabi/5.4.1/../../../../arm-none-eabi/lib/armv7e-m\libc.a(lib_a-mprec.o)
                0x08010718                __mcmp
 .text.__mdiff  0x08010758      0x114 c:/ac6/systemworkbench/plugins/fr.ac6.mcu.externaltools.arm-none.win32_1.13.2.201703061525/tools/compiler/bin/../lib/gcc/arm-none-eabi/5.4.1/../../../../arm-none-eabi/lib/armv7e-m\libc.a(lib_a-mprec.o)
                0x08010758                __mdiff
 .text.__d2b    0x0801086c       0xb8 c:/ac6/systemworkbench/plugins/fr.ac6.mcu.externaltools.arm-none.win32_1.13.2.201703061525/tools/compiler/bin/../lib/gcc/arm-none-eabi/5.4.1/../../../../arm-none-eabi/lib/armv7e-m\libc.a(lib_a-mprec.o)
                0x0801086c                __d2b
 .text.__sread  0x08010924       0x24 c:/ac6/systemworkbench/plugins/fr.ac6.mcu.externaltools.arm-none.win32_1.13.2.201703061525/tools/compiler/bin/../lib/gcc/arm-none-eabi/5.4.1/../../../../arm-none-eabi/lib/armv7e-m\libc.a(lib_a-stdio.o)
                0x08010924                __sread
 .text.__swrite
                0x08010948       0x3c c:/ac6/systemworkbench/plugins/fr.ac6.mcu.externaltools.arm-none.win32_1.13.2.201703061525/tools/compiler/bin/../lib/gcc/arm-none-eabi/5.4.1/../../../../arm-none-eabi/lib/armv7e-m\libc.a(lib_a-stdio.o)
                0x08010948                __swrite
 .text.__sseek  0x08010984       0x20 c:/ac6/systemworkbench/plugins/fr.ac6.mcu.externaltools.arm-none.win32_1.13.2.201703061525/tools/compiler/bin/../lib/gcc/arm-none-eabi/5.4.1/../../../../arm-none-eabi/lib/armv7e-m\libc.a(lib_a-stdio.o)
                0x08010984                __sseek
 .text.__sclose
                0x080109a4        0x8 c:/ac6/systemworkbench/plugins/fr.ac6.mcu.externaltools.arm-none.win32_1.13.2.201703061525/tools/compiler/bin/../lib/gcc/arm-none-eabi/5.4.1/../../../../arm-none-eabi/lib/armv7e-m\libc.a(lib_a-stdio.o)
                0x080109a4                __sclose
 .text.__ssprint_r
                0x080109ac      0x100 c:/ac6/systemworkbench/plugins/fr.ac6.mcu.externaltools.arm-none.win32_1.13.2.201703061525/tools/compiler/bin/../lib/gcc/arm-none-eabi/5.4.1/../../../../arm-none-eabi/lib/armv7e-m\libc.a(lib_a-svfiprintf.o)
                0x080109ac                __ssprint_r
 .text.__register_exitproc
                0x08010aac       0xa4 c:/ac6/systemworkbench/plugins/fr.ac6.mcu.externaltools.arm-none.win32_1.13.2.201703061525/tools/compiler/bin/../lib/gcc/arm-none-eabi/5.4.1/../../../../arm-none-eabi/lib/armv7e-m\libc.a(lib_a-__atexit.o)
                0x08010aac                __register_exitproc
 .text._calloc_r
                0x08010b50       0x60 c:/ac6/systemworkbench/plugins/fr.ac6.mcu.externaltools.arm-none.win32_1.13.2.201703061525/tools/compiler/bin/../lib/gcc/arm-none-eabi/5.4.1/../../../../arm-none-eabi/lib/armv7e-m\libc.a(lib_a-callocr.o)
                0x08010b50                _calloc_r
 .text._close_r
                0x08010bb0       0x24 c:/ac6/systemworkbench/plugins/fr.ac6.mcu.externaltools.arm-none.win32_1.13.2.201703061525/tools/compiler/bin/../lib/gcc/arm-none-eabi/5.4.1/../../../../arm-none-eabi/lib/armv7e-m\libc.a(lib_a-closer.o)
                0x08010bb0                _close_r
 .text._fclose_r
                0x08010bd4       0x84 c:/ac6/systemworkbench/plugins/fr.ac6.mcu.externaltools.arm-none.win32_1.13.2.201703061525/tools/compiler/bin/../lib/gcc/arm-none-eabi/5.4.1/../../../../arm-none-eabi/lib/armv7e-m\libc.a(lib_a-fclose.o)
                0x08010bd4                _fclose_r
 .text._fstat_r
                0x08010c58       0x28 c:/ac6/systemworkbench/plugins/fr.ac6.mcu.externaltools.arm-none.win32_1.13.2.201703061525/tools/compiler/bin/../lib/gcc/arm-none-eabi/5.4.1/../../../../arm-none-eabi/lib/armv7e-m\libc.a(lib_a-fstatr.o)
                0x08010c58                _fstat_r
 .text._isatty_r
                0x08010c80       0x24 c:/ac6/systemworkbench/plugins/fr.ac6.mcu.externaltools.arm-none.win32_1.13.2.201703061525/tools/compiler/bin/../lib/gcc/arm-none-eabi/5.4.1/../../../../arm-none-eabi/lib/armv7e-m\libc.a(lib_a-isattyr.o)
                0x08010c80                _isatty_r
 .text._lseek_r
                0x08010ca4       0x2c c:/ac6/systemworkbench/plugins/fr.ac6.mcu.externaltools.arm-none.win32_1.13.2.201703061525/tools/compiler/bin/../lib/gcc/arm-none-eabi/5.4.1/../../../../arm-none-eabi/lib/armv7e-m\libc.a(lib_a-lseekr.o)
                0x08010ca4                _lseek_r
 .text.__ascii_mbtowc
                0x08010cd0       0x2c c:/ac6/systemworkbench/plugins/fr.ac6.mcu.externaltools.arm-none.win32_1.13.2.201703061525/tools/compiler/bin/../lib/gcc/arm-none-eabi/5.4.1/../../../../arm-none-eabi/lib/armv7e-m\libc.a(lib_a-mbtowc_r.o)
                0x08010cd0                __ascii_mbtowc
 .text._read_r  0x08010cfc       0x2c c:/ac6/systemworkbench/plugins/fr.ac6.mcu.externaltools.arm-none.win32_1.13.2.201703061525/tools/compiler/bin/../lib/gcc/arm-none-eabi/5.4.1/../../../../arm-none-eabi/lib/armv7e-m\libc.a(lib_a-readr.o)
                0x08010cfc                _read_r
 .text.__ascii_wctomb
                0x08010d28       0x1c c:/ac6/systemworkbench/plugins/fr.ac6.mcu.externaltools.arm-none.win32_1.13.2.201703061525/tools/compiler/bin/../lib/gcc/arm-none-eabi/5.4.1/../../../../arm-none-eabi/lib/armv7e-m\libc.a(lib_a-wctomb_r.o)
                0x08010d28                __ascii_wctomb
 *(.glue_7)
 .glue_7        0x08010d44        0x0 linker stubs
 *(.glue_7t)
 .glue_7t       0x08010d44        0x0 linker stubs
 *(.eh_frame)
 .eh_frame      0x08010d44        0x0 c:/ac6/systemworkbench/plugins/fr.ac6.mcu.externaltools.arm-none.win32_1.13.2.201703061525/tools/compiler/bin/../lib/gcc/arm-none-eabi/5.4.1/armv7e-m/crtbegin.o
 *(.init)
 .init          0x08010d44        0x4 c:/ac6/systemworkbench/plugins/fr.ac6.mcu.externaltools.arm-none.win32_1.13.2.201703061525/tools/compiler/bin/../lib/gcc/arm-none-eabi/5.4.1/armv7e-m/crti.o
                0x08010d44                _init
 .init          0x08010d48        0x8 c:/ac6/systemworkbench/plugins/fr.ac6.mcu.externaltools.arm-none.win32_1.13.2.201703061525/tools/compiler/bin/../lib/gcc/arm-none-eabi/5.4.1/armv7e-m/crtn.o
 *(.fini)
 .fini          0x08010d50        0x4 c:/ac6/systemworkbench/plugins/fr.ac6.mcu.externaltools.arm-none.win32_1.13.2.201703061525/tools/compiler/bin/../lib/gcc/arm-none-eabi/5.4.1/armv7e-m/crti.o
                0x08010d50                _fini
 .fini          0x08010d54        0x8 c:/ac6/systemworkbench/plugins/fr.ac6.mcu.externaltools.arm-none.win32_1.13.2.201703061525/tools/compiler/bin/../lib/gcc/arm-none-eabi/5.4.1/armv7e-m/crtn.o
                0x08010d5c                . = ALIGN (0x4)
                0x08010d5c                _etext = .

.vfp11_veneer   0x08010d5c        0x0
 .vfp11_veneer  0x08010d5c        0x0 linker stubs

.v4_bx          0x08010d5c        0x0
 .v4_bx         0x08010d5c        0x0 linker stubs

.iplt           0x08010d5c        0x0
 .iplt          0x08010d5c        0x0 c:/ac6/systemworkbench/plugins/fr.ac6.mcu.externaltools.arm-none.win32_1.13.2.201703061525/tools/compiler/bin/../lib/gcc/arm-none-eabi/5.4.1/armv7e-m/crtbegin.o

.rodata         0x08010d60     0x15f8
                0x08010d60                . = ALIGN (0x4)
 *(.rodata)
 .rodata        0x08010d60      0x738 c:/ac6/systemworkbench/plugins/fr.ac6.mcu.externaltools.arm-none.win32_1.13.2.201703061525/tools/compiler/bin/../lib/gcc/arm-none-eabi/5.4.1/../../../../arm-none-eabi/lib/armv7e-m\libstdc++.a(cp-demangle.o)
 *(.rodata*)
 .rodata._ZTVSt9bad_alloc
                0x08011498       0x14 c:/ac6/systemworkbench/plugins/fr.ac6.mcu.externaltools.arm-none.win32_1.13.2.201703061525/tools/compiler/bin/../lib/gcc/arm-none-eabi/5.4.1/../../../../arm-none-eabi/lib/armv7e-m\libstdc++.a(bad_alloc.o)
                0x08011498                vtable for std::bad_alloc
 .rodata._ZTISt9bad_alloc
                0x080114ac        0xc c:/ac6/systemworkbench/plugins/fr.ac6.mcu.externaltools.arm-none.win32_1.13.2.201703061525/tools/compiler/bin/../lib/gcc/arm-none-eabi/5.4.1/../../../../arm-none-eabi/lib/armv7e-m\libstdc++.a(bad_alloc.o)
                0x080114ac                typeinfo for std::bad_alloc
 .rodata.str1.4
                0x080114b8        0xf c:/ac6/systemworkbench/plugins/fr.ac6.mcu.externaltools.arm-none.win32_1.13.2.201703061525/tools/compiler/bin/../lib/gcc/arm-none-eabi/5.4.1/../../../../arm-none-eabi/lib/armv7e-m\libstdc++.a(bad_alloc.o)
 *fill*         0x080114c7        0x1 
 .rodata._ZTSSt9bad_alloc
                0x080114c8        0xd c:/ac6/systemworkbench/plugins/fr.ac6.mcu.externaltools.arm-none.win32_1.13.2.201703061525/tools/compiler/bin/../lib/gcc/arm-none-eabi/5.4.1/../../../../arm-none-eabi/lib/armv7e-m\libstdc++.a(bad_alloc.o)
                0x080114c8                typeinfo name for std::bad_alloc
 *fill*         0x080114d5        0x3 
 .rodata._ZTSN10__cxxabiv115__forced_unwindE
                0x080114d8       0x20 c:/ac6/systemworkbench/plugins/fr.ac6.mcu.externaltools.arm-none.win32_1.13.2.201703061525/tools/compiler/bin/../lib/gcc/arm-none-eabi/5.4.1/../../../../arm-none-eabi/lib/armv7e-m\libstdc++.a(eh_exception.o)
                0x080114d8                typeinfo name for __cxxabiv1::__forced_unwind
 .rodata._ZTIN10__cxxabiv115__forced_unwindE
                0x080114f8        0x8 c:/ac6/systemworkbench/plugins/fr.ac6.mcu.externaltools.arm-none.win32_1.13.2.201703061525/tools/compiler/bin/../lib/gcc/arm-none-eabi/5.4.1/../../../../arm-none-eabi/lib/armv7e-m\libstdc++.a(eh_exception.o)
                0x080114f8                typeinfo for __cxxabiv1::__forced_unwind
 .rodata._ZTISt9exception
                0x08011500        0x8 c:/ac6/systemworkbench/plugins/fr.ac6.mcu.externaltools.arm-none.win32_1.13.2.201703061525/tools/compiler/bin/../lib/gcc/arm-none-eabi/5.4.1/../../../../arm-none-eabi/lib/armv7e-m\libstdc++.a(eh_exception.o)
                0x08011500                typeinfo for std::exception
 .rodata._ZTSN10__cxxabiv119__foreign_exceptionE
                0x08011508       0x24 c:/ac6/systemworkbench/plugins/fr.ac6.mcu.externaltools.arm-none.win32_1.13.2.201703061525/tools/compiler/bin/../lib/gcc/arm-none-eabi/5.4.1/../../../../arm-none-eabi/lib/armv7e-m\libstdc++.a(eh_exception.o)
                0x08011508                typeinfo name for __cxxabiv1::__foreign_exception
 .rodata.str1.4
                0x0801152c       0x23 c:/ac6/systemworkbench/plugins/fr.ac6.mcu.externaltools.arm-none.win32_1.13.2.201703061525/tools/compiler/bin/../lib/gcc/arm-none-eabi/5.4.1/../../../../arm-none-eabi/lib/armv7e-m\libstdc++.a(eh_exception.o)
 *fill*         0x0801154f        0x1 
 .rodata._ZTIN10__cxxabiv119__foreign_exceptionE
                0x08011550        0x8 c:/ac6/systemworkbench/plugins/fr.ac6.mcu.externaltools.arm-none.win32_1.13.2.201703061525/tools/compiler/bin/../lib/gcc/arm-none-eabi/5.4.1/../../../../arm-none-eabi/lib/armv7e-m\libstdc++.a(eh_exception.o)
                0x08011550                typeinfo for __cxxabiv1::__foreign_exception
 .rodata._ZTVSt13bad_exception
                0x08011558       0x14 c:/ac6/systemworkbench/plugins/fr.ac6.mcu.externaltools.arm-none.win32_1.13.2.201703061525/tools/compiler/bin/../lib/gcc/arm-none-eabi/5.4.1/../../../../arm-none-eabi/lib/armv7e-m\libstdc++.a(eh_exception.o)
                0x08011558                vtable for std::bad_exception
 .rodata._ZTSSt9exception
                0x0801156c        0xd c:/ac6/systemworkbench/plugins/fr.ac6.mcu.externaltools.arm-none.win32_1.13.2.201703061525/tools/compiler/bin/../lib/gcc/arm-none-eabi/5.4.1/../../../../arm-none-eabi/lib/armv7e-m\libstdc++.a(eh_exception.o)
                0x0801156c                typeinfo name for std::exception
 *fill*         0x08011579        0x3 
 .rodata._ZTSSt13bad_exception
                0x0801157c       0x12 c:/ac6/systemworkbench/plugins/fr.ac6.mcu.externaltools.arm-none.win32_1.13.2.201703061525/tools/compiler/bin/../lib/gcc/arm-none-eabi/5.4.1/../../../../arm-none-eabi/lib/armv7e-m\libstdc++.a(eh_exception.o)
                0x0801157c                typeinfo name for std::bad_exception
 *fill*         0x0801158e        0x2 
 .rodata._ZTISt13bad_exception
                0x08011590        0xc c:/ac6/systemworkbench/plugins/fr.ac6.mcu.externaltools.arm-none.win32_1.13.2.201703061525/tools/compiler/bin/../lib/gcc/arm-none-eabi/5.4.1/../../../../arm-none-eabi/lib/armv7e-m\libstdc++.a(eh_exception.o)
                0x08011590                typeinfo for std::bad_exception
 .rodata._ZTVN10__cxxabiv117__class_type_infoE
                0x0801159c       0x2c c:/ac6/systemworkbench/plugins/fr.ac6.mcu.externaltools.arm-none.win32_1.13.2.201703061525/tools/compiler/bin/../lib/gcc/arm-none-eabi/5.4.1/../../../../arm-none-eabi/lib/armv7e-m\libstdc++.a(class_type_info.o)
                0x0801159c                vtable for __cxxabiv1::__class_type_info
 .rodata._ZTIN10__cxxabiv117__class_type_infoE
                0x080115c8        0xc c:/ac6/systemworkbench/plugins/fr.ac6.mcu.externaltools.arm-none.win32_1.13.2.201703061525/tools/compiler/bin/../lib/gcc/arm-none-eabi/5.4.1/../../../../arm-none-eabi/lib/armv7e-m\libstdc++.a(class_type_info.o)
                0x080115c8                typeinfo for __cxxabiv1::__class_type_info
 .rodata._ZTSN10__cxxabiv117__class_type_infoE
                0x080115d4       0x22 c:/ac6/systemworkbench/plugins/fr.ac6.mcu.externaltools.arm-none.win32_1.13.2.201703061525/tools/compiler/bin/../lib/gcc/arm-none-eabi/5.4.1/../../../../arm-none-eabi/lib/armv7e-m\libstdc++.a(class_type_info.o)
                0x080115d4                typeinfo name for __cxxabiv1::__class_type_info
 *fill*         0x080115f6        0x2 
 .rodata._ZTVN10__cxxabiv120__si_class_type_infoE
                0x080115f8       0x2c c:/ac6/systemworkbench/plugins/fr.ac6.mcu.externaltools.arm-none.win32_1.13.2.201703061525/tools/compiler/bin/../lib/gcc/arm-none-eabi/5.4.1/../../../../arm-none-eabi/lib/armv7e-m\libstdc++.a(si_class_type_info.o)
                0x080115f8                vtable for __cxxabiv1::__si_class_type_info
 .rodata._ZTIN10__cxxabiv120__si_class_type_infoE
                0x08011624        0xc c:/ac6/systemworkbench/plugins/fr.ac6.mcu.externaltools.arm-none.win32_1.13.2.201703061525/tools/compiler/bin/../lib/gcc/arm-none-eabi/5.4.1/../../../../arm-none-eabi/lib/armv7e-m\libstdc++.a(si_class_type_info.o)
                0x08011624                typeinfo for __cxxabiv1::__si_class_type_info
 .rodata._ZTSN10__cxxabiv120__si_class_type_infoE
                0x08011630       0x25 c:/ac6/systemworkbench/plugins/fr.ac6.mcu.externaltools.arm-none.win32_1.13.2.201703061525/tools/compiler/bin/../lib/gcc/arm-none-eabi/5.4.1/../../../../arm-none-eabi/lib/armv7e-m\libstdc++.a(si_class_type_info.o)
                0x08011630                typeinfo name for __cxxabiv1::__si_class_type_info
 *fill*         0x08011655        0x3 
 .rodata._ZTISt9type_info
                0x08011658        0x8 c:/ac6/systemworkbench/plugins/fr.ac6.mcu.externaltools.arm-none.win32_1.13.2.201703061525/tools/compiler/bin/../lib/gcc/arm-none-eabi/5.4.1/../../../../arm-none-eabi/lib/armv7e-m\libstdc++.a(tinfo.o)
                0x08011658                typeinfo for std::type_info
 .rodata._ZTSSt9type_info
                0x08011660        0xd c:/ac6/systemworkbench/plugins/fr.ac6.mcu.externaltools.arm-none.win32_1.13.2.201703061525/tools/compiler/bin/../lib/gcc/arm-none-eabi/5.4.1/../../../../arm-none-eabi/lib/armv7e-m\libstdc++.a(tinfo.o)
                0x08011660                typeinfo name for std::type_info
 *fill*         0x0801166d        0x3 
 .rodata.str1.4
                0x08011670       0x94 c:/ac6/systemworkbench/plugins/fr.ac6.mcu.externaltools.arm-none.win32_1.13.2.201703061525/tools/compiler/bin/../lib/gcc/arm-none-eabi/5.4.1/../../../../arm-none-eabi/lib/armv7e-m\libstdc++.a(vterminate.o)
 .rodata.str1.4
                0x08011704      0x7f2 c:/ac6/systemworkbench/plugins/fr.ac6.mcu.externaltools.arm-none.win32_1.13.2.201703061525/tools/compiler/bin/../lib/gcc/arm-none-eabi/5.4.1/../../../../arm-none-eabi/lib/armv7e-m\libstdc++.a(cp-demangle.o)
                                0x83e (size before relaxing)
 *fill*         0x08011ef6        0x2 
 .rodata.npio2_hw
                0x08011ef8       0x80 c:/ac6/systemworkbench/plugins/fr.ac6.mcu.externaltools.arm-none.win32_1.13.2.201703061525/tools/compiler/bin/../lib/gcc/arm-none-eabi/5.4.1/../../../../arm-none-eabi/lib/armv7e-m\libm.a(lib_a-e_rem_pio2.o)
 .rodata.two_over_pi
                0x08011f78      0x108 c:/ac6/systemworkbench/plugins/fr.ac6.mcu.externaltools.arm-none.win32_1.13.2.201703061525/tools/compiler/bin/../lib/gcc/arm-none-eabi/5.4.1/../../../../arm-none-eabi/lib/armv7e-m\libm.a(lib_a-e_rem_pio2.o)
 .rodata.init_jk
                0x08012080       0x10 c:/ac6/systemworkbench/plugins/fr.ac6.mcu.externaltools.arm-none.win32_1.13.2.201703061525/tools/compiler/bin/../lib/gcc/arm-none-eabi/5.4.1/../../../../arm-none-eabi/lib/armv7e-m\libm.a(lib_a-k_rem_pio2.o)
 .rodata.PIo2   0x08012090       0x40 c:/ac6/systemworkbench/plugins/fr.ac6.mcu.externaltools.arm-none.win32_1.13.2.201703061525/tools/compiler/bin/../lib/gcc/arm-none-eabi/5.4.1/../../../../arm-none-eabi/lib/armv7e-m\libm.a(lib_a-k_rem_pio2.o)
 .rodata._global_impure_ptr
                0x080120d0        0x4 c:/ac6/systemworkbench/plugins/fr.ac6.mcu.externaltools.arm-none.win32_1.13.2.201703061525/tools/compiler/bin/../lib/gcc/arm-none-eabi/5.4.1/../../../../arm-none-eabi/lib/armv7e-m\libc.a(lib_a-impure.o)
                0x080120d0                _global_impure_ptr
 .rodata.zeroes.7256
                0x080120d4       0x10 c:/ac6/systemworkbench/plugins/fr.ac6.mcu.externaltools.arm-none.win32_1.13.2.201703061525/tools/compiler/bin/../lib/gcc/arm-none-eabi/5.4.1/../../../../arm-none-eabi/lib/armv7e-m\libc.a(lib_a-svfprintf.o)
 .rodata.str1.4
                0x080120e4       0x42 c:/ac6/systemworkbench/plugins/fr.ac6.mcu.externaltools.arm-none.win32_1.13.2.201703061525/tools/compiler/bin/../lib/gcc/arm-none-eabi/5.4.1/../../../../arm-none-eabi/lib/armv7e-m\libc.a(lib_a-svfprintf.o)
 *fill*         0x08012126        0x2 
 .rodata.blanks.7255
                0x08012128       0x10 c:/ac6/systemworkbench/plugins/fr.ac6.mcu.externaltools.arm-none.win32_1.13.2.201703061525/tools/compiler/bin/../lib/gcc/arm-none-eabi/5.4.1/../../../../arm-none-eabi/lib/armv7e-m\libc.a(lib_a-svfprintf.o)
 .rodata.str1.4
                0x08012138       0x10 c:/ac6/systemworkbench/plugins/fr.ac6.mcu.externaltools.arm-none.win32_1.13.2.201703061525/tools/compiler/bin/../lib/gcc/arm-none-eabi/5.4.1/../../../../arm-none-eabi/lib/armv7e-m\libc.a(lib_a-dtoa.o)
                                 0x12 (size before relaxing)
 .rodata.__mprec_tens
                0x08012148       0xc8 c:/ac6/systemworkbench/plugins/fr.ac6.mcu.externaltools.arm-none.win32_1.13.2.201703061525/tools/compiler/bin/../lib/gcc/arm-none-eabi/5.4.1/../../../../arm-none-eabi/lib/armv7e-m\libc.a(lib_a-mprec.o)
                0x08012148                __mprec_tens
 .rodata.p05.6085
                0x08012210        0xc c:/ac6/systemworkbench/plugins/fr.ac6.mcu.externaltools.arm-none.win32_1.13.2.201703061525/tools/compiler/bin/../lib/gcc/arm-none-eabi/5.4.1/../../../../arm-none-eabi/lib/armv7e-m\libc.a(lib_a-mprec.o)
 *fill*         0x0801221c        0x4 
 .rodata.__mprec_bigtens
                0x08012220       0x28 c:/ac6/systemworkbench/plugins/fr.ac6.mcu.externaltools.arm-none.win32_1.13.2.201703061525/tools/compiler/bin/../lib/gcc/arm-none-eabi/5.4.1/../../../../arm-none-eabi/lib/armv7e-m\libc.a(lib_a-mprec.o)
                0x08012220                __mprec_bigtens
 .rodata.str1.4
                0x08012248        0xc c:/ac6/systemworkbench/plugins/fr.ac6.mcu.externaltools.arm-none.win32_1.13.2.201703061525/tools/compiler/bin/../lib/gcc/arm-none-eabi/5.4.1/../../../../arm-none-eabi/lib/armv7e-m\libc.a(lib_a-locale.o)
                                 0x12 (size before relaxing)
 .rodata._ctype_
                0x08012254      0x101 c:/ac6/systemworkbench/plugins/fr.ac6.mcu.externaltools.arm-none.win32_1.13.2.201703061525/tools/compiler/bin/../lib/gcc/arm-none-eabi/5.4.1/../../../../arm-none-eabi/lib/armv7e-m\libc.a(lib_a-ctype_.o)
                0x08012254                _ctype_
                0x08012358                . = ALIGN (0x4)
 *fill*         0x08012355        0x3 

.ARM.extab      0x08012358      0x108
 *(.ARM.extab* .gnu.linkonce.armextab.*)
 .ARM.extab.text._ZN10__cxxabiv111__terminateEPFvvE
                0x08012358       0x2c c:/ac6/systemworkbench/plugins/fr.ac6.mcu.externaltools.arm-none.win32_1.13.2.201703061525/tools/compiler/bin/../lib/gcc/arm-none-eabi/5.4.1/../../../../arm-none-eabi/lib/armv7e-m\libstdc++.a(eh_terminate.o)
 .ARM.extab.text._ZN10__cxxabiv112__unexpectedEPFvvE
                0x08012384        0xc c:/ac6/systemworkbench/plugins/fr.ac6.mcu.externaltools.arm-none.win32_1.13.2.201703061525/tools/compiler/bin/../lib/gcc/arm-none-eabi/5.4.1/../../../../arm-none-eabi/lib/armv7e-m\libstdc++.a(eh_terminate.o)
 .ARM.extab.text._ZSt10unexpectedv
                0x08012390        0xc c:/ac6/systemworkbench/plugins/fr.ac6.mcu.externaltools.arm-none.win32_1.13.2.201703061525/tools/compiler/bin/../lib/gcc/arm-none-eabi/5.4.1/../../../../arm-none-eabi/lib/armv7e-m\libstdc++.a(eh_terminate.o)
 .ARM.extab.text.__cxa_call_unexpected
                0x0801239c       0x28 c:/ac6/systemworkbench/plugins/fr.ac6.mcu.externaltools.arm-none.win32_1.13.2.201703061525/tools/compiler/bin/../lib/gcc/arm-none-eabi/5.4.1/../../../../arm-none-eabi/lib/armv7e-m\libstdc++.a(eh_call.o)
 .ARM.extab.text.__cxa_begin_catch
                0x080123c4       0x20 c:/ac6/systemworkbench/plugins/fr.ac6.mcu.externaltools.arm-none.win32_1.13.2.201703061525/tools/compiler/bin/../lib/gcc/arm-none-eabi/5.4.1/../../../../arm-none-eabi/lib/armv7e-m\libstdc++.a(eh_catch.o)
 .ARM.extab.text._ZL21base_of_encoded_valuehP15_Unwind_Context
                0x080123e4        0xc c:/ac6/systemworkbench/plugins/fr.ac6.mcu.externaltools.arm-none.win32_1.13.2.201703061525/tools/compiler/bin/../lib/gcc/arm-none-eabi/5.4.1/../../../../arm-none-eabi/lib/armv7e-m\libstdc++.a(eh_personality.o)
 .ARM.extab.text.__gxx_personality_v0
                0x080123f0       0x24 c:/ac6/systemworkbench/plugins/fr.ac6.mcu.externaltools.arm-none.win32_1.13.2.201703061525/tools/compiler/bin/../lib/gcc/arm-none-eabi/5.4.1/../../../../arm-none-eabi/lib/armv7e-m\libstdc++.a(eh_personality.o)
 .ARM.extab.text._ZN9__gnu_cxx27__verbose_terminate_handlerEv
                0x08012414       0x34 c:/ac6/systemworkbench/plugins/fr.ac6.mcu.externaltools.arm-none.win32_1.13.2.201703061525/tools/compiler/bin/../lib/gcc/arm-none-eabi/5.4.1/../../../../arm-none-eabi/lib/armv7e-m\libstdc++.a(vterminate.o)
 .ARM.extab     0x08012448       0x18 c:/ac6/systemworkbench/plugins/fr.ac6.mcu.externaltools.arm-none.win32_1.13.2.201703061525/tools/compiler/bin/../lib/gcc/arm-none-eabi/5.4.1/armv7e-m\libgcc.a(pr-support.o)

.ARM            0x08012460      0x1c0
                0x08012460                __exidx_start = .
 *(.ARM.exidx*)
 .ARM.exidx.text._Znwj
                0x08012518        0x8 c:/ac6/systemworkbench/plugins/fr.ac6.mcu.externaltools.arm-none.win32_1.13.2.201703061525/tools/compiler/bin/../lib/gcc/arm-none-eabi/5.4.1/../../../../arm-none-eabi/lib/armv7e-m\libstdc++.a(new_op.o)
 .ARM.exidx.text._ZNKSt9bad_alloc4whatEv
                0x08012520        0x8 c:/ac6/systemworkbench/plugins/fr.ac6.mcu.externaltools.arm-none.win32_1.13.2.201703061525/tools/compiler/bin/../lib/gcc/arm-none-eabi/5.4.1/../../../../arm-none-eabi/lib/armv7e-m\libstdc++.a(bad_alloc.o)
 .ARM.exidx.text._ZNSt9bad_allocD2Ev
                0x08012528        0x0 c:/ac6/systemworkbench/plugins/fr.ac6.mcu.externaltools.arm-none.win32_1.13.2.201703061525/tools/compiler/bin/../lib/gcc/arm-none-eabi/5.4.1/../../../../arm-none-eabi/lib/armv7e-m\libstdc++.a(bad_alloc.o)
                                  0x8 (size before relaxing)
 .ARM.exidx.text._ZNSt9bad_allocD0Ev
                0x08012528        0x0 c:/ac6/systemworkbench/plugins/fr.ac6.mcu.externaltools.arm-none.win32_1.13.2.201703061525/tools/compiler/bin/../lib/gcc/arm-none-eabi/5.4.1/../../../../arm-none-eabi/lib/armv7e-m\libstdc++.a(bad_alloc.o)
                                  0x8 (size before relaxing)
 .ARM.exidx.text._ZNSt9exceptionD2Ev
                0x08012528        0x0 c:/ac6/systemworkbench/plugins/fr.ac6.mcu.externaltools.arm-none.win32_1.13.2.201703061525/tools/compiler/bin/../lib/gcc/arm-none-eabi/5.4.1/../../../../arm-none-eabi/lib/armv7e-m\libstdc++.a(eh_exception.o)
                                  0x8 (size before relaxing)
 .ARM.exidx.text._ZNSt13bad_exceptionD2Ev
                0x08012528        0x0 c:/ac6/systemworkbench/plugins/fr.ac6.mcu.externaltools.arm-none.win32_1.13.2.201703061525/tools/compiler/bin/../lib/gcc/arm-none-eabi/5.4.1/../../../../arm-none-eabi/lib/armv7e-m\libstdc++.a(eh_exception.o)
                                  0x8 (size before relaxing)
 .ARM.exidx.text._ZNKSt13bad_exception4whatEv
                0x08012528        0x0 c:/ac6/systemworkbench/plugins/fr.ac6.mcu.externaltools.arm-none.win32_1.13.2.201703061525/tools/compiler/bin/../lib/gcc/arm-none-eabi/5.4.1/../../../../arm-none-eabi/lib/armv7e-m\libstdc++.a(eh_exception.o)
                                  0x8 (size before relaxing)
 .ARM.exidx.text._ZNSt13bad_exceptionD0Ev
                0x08012528        0x0 c:/ac6/systemworkbench/plugins/fr.ac6.mcu.externaltools.arm-none.win32_1.13.2.201703061525/tools/compiler/bin/../lib/gcc/arm-none-eabi/5.4.1/../../../../arm-none-eabi/lib/armv7e-m\libstdc++.a(eh_exception.o)
                                  0x8 (size before relaxing)
 .ARM.exidx.text._ZN12_GLOBAL__N_14pool4freeEPv.constprop.4
                0x08012528        0x0 c:/ac6/systemworkbench/plugins/fr.ac6.mcu.externaltools.arm-none.win32_1.13.2.201703061525/tools/compiler/bin/../lib/gcc/arm-none-eabi/5.4.1/../../../../arm-none-eabi/lib/armv7e-m\libstdc++.a(eh_alloc.o)
                                  0x8 (size before relaxing)
 .ARM.exidx.text._ZN12_GLOBAL__N_14pool8allocateEj.constprop.5
                0x08012528        0x0 c:/ac6/systemworkbench/plugins/fr.ac6.mcu.externaltools.arm-none.win32_1.13.2.201703061525/tools/compiler/bin/../lib/gcc/arm-none-eabi/5.4.1/../../../../arm-none-eabi/lib/armv7e-m\libstdc++.a(eh_alloc.o)